INTEGER test of RBT, mixed insertions and deletions
size is 1795
Duplicates: 1484
Nodes: 1795
Minimum depth: 7
Maximum depth: 12
RBT:
0: 1759(1759)X
1: 849<2>(1759)L 2556(1759)R
2: 296(849<2>)L 1256<2>(849<2>)R 2016*<3>(2556)L 2865(2556)R
3: 133<4>(296)L 439(296)R 988<2>(1256<2>)L 1503*<2>(1256<2>)R 1866(2016*<3>)L 2313(2016*<3>)R 2789<2>(2865)L 3043*<2>(2865)R
4: 45(133<4>)L 259<3>(133<4>)R 410<2>(439)L 758*<4>(439)R =966<4>(988<2>)L =1184(988<2>)R 1367<2>(1503*<2>)L 1588(1503*<2>)R 1798(1866)L 1909(1866)R 2108<2>(2313)L 2368(2313)R 2729<4>(2789<2>)L 2844<2>(2789<2>)R 2977<2>(3043*<2>)L 3158(3043*<2>)R
5: =70*<3>(45)R =279*(259<3>)R =359*<3>(410<2>)L =454(758*<4>)L =786(758*<4>)R 1325<2>(1367<2>)L =1479(1367<2>)R 1574<3>(1588)L =1750(1588)R =1778<2>(1798)L =1838(1798)R =1880(1909)L =1921<2>(1909)R =2099(2108<2>)L 2265<2>(2108<2>)R =2361<2>(2368)L =2527(2368)R =2669*<3>(2729<4>)L =2813*<3>(2844<2>)L =2930<2>(2977<2>)L =3024(2977<2>)R 3129*(3158)L =3189(3158)R
6: =1344*(1325<2>)R =1556*(1574<3>)L =2132*(2265<2>)L =3089<4>(3129*)L =3153(3129*)R
debug: [[[[[45 [70*<3>]] 133<4> [259<3> [279*]]] 296 [[[359*<3>] 410<2>] 439 [[454] 758*<4> [786]]]] 849<2> [[[966<4>] 988<2> [1184]] 1256<2> [[[1325<2> [1344*]] 1367<2> [1479]] 1503*<2> [[[1556*] 1574<3>] 1588 [1750]]]]] 1759 [[[[[1778<2>] 1798 [1838]] 1866 [[1880] 1909 [1921<2>]]] 2016*<3> [[[2099] 2108<2> [[2132*] 2265<2>]] 2313 [[2361<2>] 2368 [2527]]]] 2556 [[[[2669*<3>] 2729<4>] 2789<2> [[2813*<3>] 2844<2>]] 2865 [[[2930<2>] 2977<2> [3024]] 3043*<2> [[[3089<4>] 3129* [3153]] 3158 [3189]]]]]]
debug: [1759 [849<2> [296 [133<4> [45 [70*<3>]] [259<3> [279*]]] [439 [410<2> [359*<3>]] [758*<4> [454] [786]]]] [1256<2> [988<2> [966<4>] [1184]] [1503*<2> [1367<2> [1325<2> [1344*]] [1479]] [1588 [1574<3> [1556*]] [1750]]]]] [2556 [2016*<3> [1866 [1798 [1778<2>] [1838]] [1909 [1880] [1921<2>]]] [2313 [2108<2> [2099] [2265<2> [2132*]]] [2368 [2361<2>] [2527]]]] [2865 [2789<2> [2729<4> [2669*<3>]] [2844<2> [2813*<3>]]] [3043*<2> [2977<2> [2930<2>] [3024]] [3158 [3129* [3089<4>] [3153]] [3189]]]]]]
debug: [[[[[[70*<3>] 45] [[279*] 259<3>] 133<4>] [[[359*<3>] 410<2>] [[454] [786] 758*<4>] 439] 296] [[[966<4>] [1184] 988<2>] [[[[1344*] 1325<2>] [1479] 1367<2>] [[[1556*] 1574<3>] [1750] 1588] 1503*<2>] 1256<2>] 849<2>] [[[[[1778<2>] [1838] 1798] [[1880] [1921<2>] 1909] 1866] [[[2099] [[2132*] 2265<2>] 2108<2>] [[2361<2>] [2527] 2368] 2313] 2016*<3>] [[[[2669*<3>] 2729<4>] [[2813*<3>] 2844<2>] 2789<2>] [[[2930<2>] [3024] 2977<2>] [[[3089<4>] [3153] 3129*] [3189] 3158] 3043*<2>] 2865] 2556] 1759]
size is 59
Duplicates: 46
Nodes: 59
Minimum depth: 4
Maximum depth: 6
