INTEGER test of RBT, mixed insertions and deletions
size is 17825
Duplicates: 14290
Nodes: 17825
Minimum depth: 10
Maximum depth: 17
RBT:
0: 18231(18231)X
1: 6837<2>(18231)L 26249<2>(18231)R
2: 3897<3>(6837<2>)L 14218*(6837<2>)R 21000(26249<2>)L 30111(26249<2>)R
3: 1990<2>(3897<3>)L 5020<2>(3897<3>)R 10728(14218*)L 15990<3>(14218*)R 19970<2>(21000)L 24076*<2>(21000)R 27646(30111)L 32090<2>(30111)R
4: 1228<2>(1990<2>)L 2902<2>(1990<2>)R 4727*<2>(5020<2>)L 6155(5020<2>)R 8983<2>(10728)L 13340(10728)R 15215(15990<3>)L 17493(15990<3>)R 19148(19970<2>)L 20297<2>(19970<2>)R 22348(24076*<2>)L 25183<3>(24076*<2>)R 27182<2>(27646)L 28595*<2>(27646)R 31846(32090<2>)L 32613(32090<2>)R
5: 758*(1228<2>)L 1482(1228<2>)R =2304<5>(2902<2>)L 3331<2>(2902<2>)R 4323(4727*<2>)L 4951(4727*<2>)R =5215<2>(6155)L =6688(6155)R 8083(8983<2>)L 9643(8983<2>)R 13297(13340)L 13751(13340)R 14843<2>(15215)L 15523(15215)R 16430(17493)L 17882(17493)R 18545(19148)L 19282*<2>(19148)R 20027*(20297<2>)L 20478<2>(20297<2>)R 21717<3>(22348)L 23191*(22348)R 24513(25183<3>)L 25883(25183<3>)R 26863*<2>(27182<2>)L 27574(27182<2>)R 28127(28595*<2>)L 29039(28595*<2>)R 31448(31846)L =31939<2>(31846)R 32426(32613)L 32647(32613)R
6: =275(758*)L =820(758*)R =1849*(1482)R =3721*<2>(3331<2>)R =3948(4323)L 4486(4323)R 4853(4951)L =4984(4951)R 7662*(8083)L =8674(8083)R 9135(9643)L 10165<2>(9643)R =11591(13297)L =13310(13297)R =13673(13751)L 13873(13751)R =14830<2>(14843<2>)L 14968*(14843<2>)R =15390(15523)L =15786(15523)R =16134(16430)L =17441(16430)R =17789<4>(17882)L 17952(17882)R =18722*(18545)R =19277(19282*<2>)L =19757(19282*<2>)R =20023<2>(20027*)L 20059<2>(20027*)R =20948*(20478<2>)R =21646<2>(21717<3>)L 22216*<2>(21717<3>)R 22974<2>(23191*)L 23565<2>(23191*)R 24379<3>(24513)L =25050(24513)R 25617(25883)L 26155*<2>(25883)R =26352<2>(26863*<2>)L =27088(26863*<2>)R =27607*(27574)R 27811*<3>(28127)L =28191<2>(28127)R =29019(29039)L =29971<2>(29039)R =31032*(31448)L =32511*(32426)R =32620*<2>(32647)L
7: =4715*<3>(4486)R =4939*(4853)R 7502<2>(7662*)L =7984(7662*)R =9534*(9135)R =10147*(10165<2>)L =13755*(13873)L =14958(14968*)L =15117(14968*)R =17987*<4>(17952)R =20042*(20059<2>)L =22126(22216*<2>)L =22252<3>(22216*<2>)R =22802(22974<2>)L =23072(22974<2>)R 23479*<3>(23565<2>)L =23916(23565<2>)R =24268*(24379<3>)L =25261*(25617)L =26040(26155*<2>)L 26163(26155*<2>)R =27809(27811*<3>)L =28040(27811*<3>)R
8: =7290*(7502<2>)L =23384<2>(23479*<3>)L =23544(23479*<3>)R =26219*(26163)R
debug: [[[[[[[275] 758* [820]] 1228<2> [1482 [1849*]]] 1990<2> [[2304<5>] 2902<2> [3331<2> [3721*<2>]]]] 3897<3> [[[[3948] 4323 [4486 [4715*<3>]]] 4727*<2> [[4853 [4939*]] 4951 [4984]]] 5020<2> [[5215<2>] 6155 [6688]]]] 6837<2> [[[[[[[7290*] 7502<2>] 7662* [7984]] 8083 [8674]] 8983<2> [[9135 [9534*]] 9643 [[10147*] 10165<2>]]] 10728 [[[11591] 13297 [13310]] 13340 [[13673] 13751 [[13755*] 13873]]]] 14218* [[[[14830<2>] 14843<2> [[14958] 14968* [15117]]] 15215 [[15390] 15523 [15786]]] 15990<3> [[[16134] 16430 [17441]] 17493 [[17789<4>] 17882 [17952 [17987*<4>]]]]]]] 18231 [[[[[18545 [18722*]] 19148 [[19277] 19282*<2> [19757]]] 19970<2> [[[20023<2>] 20027* [[20042*] 20059<2>]] 20297<2> [20478<2> [20948*]]]] 21000 [[[[21646<2>] 21717<3> [[22126] 22216*<2> [22252<3>]]] 22348 [[[22802] 22974<2> [23072]] 23191* [[[23384<2>] 23479*<3> [23544]] 23565<2> [23916]]]] 24076*<2> [[[[24268*] 24379<3>] 24513 [25050]] 25183<3> [[[25261*] 25617] 25883 [[26040] 26155*<2> [26163 [26219*]]]]]]] 26249<2> [[[[[26352<2>] 26863*<2> [27088]] 27182<2> [27574 [27607*]]] 27646 [[[[27809] 27811*<3> [28040]] 28127 [28191<2>]] 28595*<2> [[29019] 29039 [29971<2>]]]] 30111 [[[[31032*] 31448] 31846 [31939<2>]] 32090<2> [[32426 [32511*]] 32613 [[32620*<2>] 32647]]]]]]
debug: [18231 [6837<2> [3897<3> [1990<2> [1228<2> [758* [275] [820]] [1482 [1849*]]] [2902<2> [2304<5>] [3331<2> [3721*<2>]]]] [5020<2> [4727*<2> [4323 [3948] [4486 [4715*<3>]]] [4951 [4853 [4939*]] [4984]]] [6155 [5215<2>] [6688]]]] [14218* [10728 [8983<2> [8083 [7662* [7502<2> [7290*]] [7984]] [8674]] [9643 [9135 [9534*]] [10165<2> [10147*]]]] [13340 [13297 [11591] [13310]] [13751 [13673] [13873 [13755*]]]]] [15990<3> [15215 [14843<2> [14830<2>] [14968* [14958] [15117]]] [15523 [15390] [15786]]] [17493 [16430 [16134] [17441]] [17882 [17789<4>] [17952 [17987*<4>]]]]]]] [26249<2> [21000 [19970<2> [19148 [18545 [18722*]] [19282*<2> [19277] [19757]]] [20297<2> [20027* [20023<2>] [20059<2> [20042*]]] [20478<2> [20948*]]]] [24076*<2> [22348 [21717<3> [21646<2>] [22216*<2> [22126] [22252<3>]]] [23191* [22974<2> [22802] [23072]] [23565<2> [23479*<3> [23384<2>] [23544]] [23916]]]] [25183<3> [24513 [24379<3> [24268*]] [25050]] [25883 [25617 [25261*]] [26155*<2> [26040] [26163 [26219*]]]]]]] [30111 [27646 [27182<2> [26863*<2> [26352<2>] [27088]] [27574 [27607*]]] [28595*<2> [28127 [27811*<3> [27809] [28040]] [28191<2>]] [29039 [29019] [29971<2>]]]] [32090<2> [31846 [31448 [31032*]] [31939<2>]] [32613 [32426 [32511*]] [32647 [32620*<2>]]]]]]]
debug: [[[[[[[275] [820] 758*] [[1849*] 1482] 1228<2>] [[2304<5>] [[3721*<2>] 3331<2>] 2902<2>] 1990<2>] [[[[3948] [[4715*<3>] 4486] 4323] [[[4939*] 4853] [4984] 4951] 4727*<2>] [[5215<2>] [6688] 6155] 5020<2>] 3897<3>] [[[[[[[7290*] 7502<2>] [7984] 7662*] [8674] 8083] [[[9534*] 9135] [[10147*] 10165<2>] 9643] 8983<2>] [[[11591] [13310] 13297] [[13673] [[13755*] 13873] 13751] 13340] 10728] [[[[14830<2>] [[14958] [15117] 14968*] 14843<2>] [[15390] [15786] 15523] 15215] [[[16134] [17441] 16430] [[17789<4>] [[17987*<4>] 17952] 17882] 17493] 15990<3>] 14218*] 6837<2>] [[[[[[18722*] 18545] [[19277] [19757] 19282*<2>] 19148] [[[20023<2>] [[20042*] 20059<2>] 20027*] [[20948*] 20478<2>] 20297<2>] 19970<2>] [[[[21646<2>] [[22126] [22252<3>] 22216*<2>] 21717<3>] [[[22802] [23072] 22974<2>] [[[23384<2>] [23544] 23479*<3>] [23916] 23565<2>] 23191*] 22348] [[[[24268*] 24379<3>] [25050] 24513] [[[25261*] 25617] [[26040] [[26219*] 26163] 26155*<2>] 25883] 25183<3>] 24076*<2>] 21000] [[[[[26352<2>] [27088] 26863*<2>] [[27607*] 27574] 27182<2>] [[[[27809] [28040] 27811*<3>] [28191<2>] 28127] [[29019] [29971<2>] 29039] 28595*<2>] 27646] [[[[31032*] 31448] [31939<2>] 31846] [[[32511*] 32426] [[32620*<2>] 32647] 32613] 32090<2>] 30111] 26249<2>] 18231]
size is 138
Duplicates: 65
Nodes: 138
Minimum depth: 5
Maximum depth: 8
