INTEGER test of RBT, mixed insertions and deletions
size is 18169
Duplicates: 14857
Nodes: 18169
Minimum depth: 10
Maximum depth: 17
RBT:
0: 22725(22725)X
1: 9393*(22725)L 27432(22725)R
2: 6544<3>(9393*)L 12854<2>(9393*)R 24730(27432)L 29141(27432)R
3: 3875(6544<3>)L 7829(6544<3>)R 10947(12854<2>)L 17645(12854<2>)R 23394(24730)L 25905(24730)R 28561<2>(29141)L 31066(29141)R
4: 1229(3875)L 6006<3>(3875)R 7323<2>(7829)L 8707<2>(7829)R 10357<2>(10947)L 12117(10947)R 14595(17645)L 19846*(17645)R 22867(23394)L 23708<3>(23394)R 25631<2>(25905)L 26280(25905)R 27775<2>(28561<2>)L 28993(28561<2>)R 30092*(31066)L 31830<2>(31066)R
5: 564<2>(1229)L 2478*<3>(1229)R 5654(6006<3>)L 6318<4>(6006<3>)R 7086(7323<2>)L 7734<4>(7323<2>)R 7899(8707<2>)L 9281(8707<2>)R 10088<2>(10357<2>)L 10628<3>(10357<2>)R 11978(12117)L 12283<2>(12117)R 14142*(14595)L 16363(14595)R 18958(19846*)L 21366(19846*)R =22804(22867)L =23340(22867)R 23652(23708<3>)L 23794(23708<3>)R 25206*(25631<2>)L =25849(25631<2>)R =26222<2>(26280)L 27006*<3>(26280)R =27653(27775<2>)L 27954<2>(27775<2>)R 28718(28993)L =29026(28993)R 29875<2>(30092*)L 30397(30092*)R 31597(31830<2>)L 32786*<2>(31830<2>)R
6: 349*(564<2>)L 708(564<2>)R 1982(2478*<3>)L 3284(2478*<3>)R 5330<2>(5654)L =6001<2>(5654)R =6078(6318<4>)L 6475<2>(6318<4>)R 6759(7086)L 7207<2>(7086)R =7408<2>(7734<4>)L =7819(7734<4>)R 7842(7899)L =8536(7899)R =8784<2>(9281)L =9333(9281)R =9925<2>(10088<2>)L =10209(10088<2>)R 10418*(10628<3>)L =10944(10628<3>)R 11718<2>(11978)L =12114(11978)R 12257(12283<2>)L 12526*<6>(12283<2>)R 13093(14142*)L 14400(14142*)R 15348(16363)L 17371*<2>(16363)R 18079<2>(18958)L 19078<2>(18958)R 20977*(21366)L 21992<4>(21366)R =23481*(23652)L =24480*(23794)R =24940<2>(25206*)L =25281(25206*)R =26987<2>(27006*<3>)L =27055(27006*<3>)R =27898*<2>(27954<2>)L =28961*(28718)R =29601(29875<2>)L =30027<3>(29875<2>)R =30347<3>(30397)L 30807(30397)R =31195*(31597)L =32484(32786*<2>)L =32914(32786*<2>)R
7: =168<2>(349*)L =559<2>(349*)R =847*<2>(708)R 1840(1982)L 2341(1982)R 2779*<2>(3284)L =3585<2>(3284)R =4694*(5330<2>)L =6494*<2>(6475<2>)R =6924*<5>(6759)R =7245*(7207<2>)R =7840*<2>(7842)L =10395(10418*)L =10607(10418*)R =11890*<3>(11718<2>)R =12202*(12257)L =12397(12526*<6>)L =12577(12526*<6>)R =13067<2>(13093)L =13397<2>(13093)R =14240<2>(14400)L =14449(14400)R =15551*(15348)R =17013(17371*<2>)L =17533(17371*<2>)R 17845(18079<2>)L 18654<3>(18079<2>)R =18995<2>(19078<2>)L 19502<2>(19078<2>)R 20333<2>(20977*)L 21340(20977*)R 21777(21992<4>)L 22396*<2>(21992<4>)R =30889*(30807)R
8: =1947*<2>(1840)R =2272*(2341)L =2669<2>(2779*<2>)L =3114(2779*<2>)R =17806*<2>(17845)L =18144*(18654<3>)L =19301*<3>(19502<2>)L 20020<2>(20333<2>)L 20717*(20333<2>)R =21315(21340)L =21343(21340)R =21561*(21777)L 22089<2>(22396*<2>)L 22679(22396*<2>)R
9: =20140*<2>(20020<2>)R =20677<3>(20717*)L =20787<2>(20717*)R =22316*(22089<2>)R =22678*(22679)L
debug: [[[[[[[[168<2>] 349* [559<2>]] 564<2> [708 [847*<2>]]] 1229 [[[1840 [1947*<2>]] 1982 [[2272*] 2341]] 2478*<3> [[[2669<2>] 2779*<2> [3114]] 3284 [3585<2>]]]] 3875 [[[[4694*] 5330<2>] 5654 [6001<2>]] 6006<3> [[6078] 6318<4> [6475<2> [6494*<2>]]]]] 6544<3> [[[[6759 [6924*<5>]] 7086 [7207<2> [7245*]]] 7323<2> [[7408<2>] 7734<4> [7819]]] 7829 [[[[7840*<2>] 7842] 7899 [8536]] 8707<2> [[8784<2>] 9281 [9333]]]]] 9393* [[[[[9925<2>] 10088<2> [10209]] 10357<2> [[[10395] 10418* [10607]] 10628<3> [10944]]] 10947 [[[11718<2> [11890*<3>]] 11978 [12114]] 12117 [[[12202*] 12257] 12283<2> [[12397] 12526*<6> [12577]]]]] 12854<2> [[[[[13067<2>] 13093 [13397<2>]] 14142* [[14240<2>] 14400 [14449]]] 14595 [[15348 [15551*]] 16363 [[17013] 17371*<2> [17533]]]] 17645 [[[[[17806*<2>] 17845] 18079<2> [[18144*] 18654<3>]] 18958 [[18995<2>] 19078<2> [[19301*<3>] 19502<2>]]] 19846* [[[[20020<2> [20140*<2>]] 20333<2> [[20677<3>] 20717* [20787<2>]]] 20977* [[21315] 21340 [21343]]] 21366 [[[21561*] 21777] 21992<4> [[22089<2> [22316*]] 22396*<2> [[22678*] 22679]]]]]]]] 22725 [[[[[22804] 22867 [23340]] 23394 [[[23481*] 23652] 23708<3> [23794 [24480*]]]] 24730 [[[[24940<2>] 25206* [25281]] 25631<2> [25849]] 25905 [[26222<2>] 26280 [[26987<2>] 27006*<3> [27055]]]]] 27432 [[[[27653] 27775<2> [[27898*<2>] 27954<2>]] 28561<2> [[28718 [28961*]] 28993 [29026]]] 29141 [[[[29601] 29875<2> [30027<3>]] 30092* [[30347<3>] 30397 [30807 [30889*]]]] 31066 [[[31195*] 31597] 31830<2> [[32484] 32786*<2> [32914]]]]]]]
debug: [22725 [9393* [6544<3> [3875 [1229 [564<2> [349* [168<2>] [559<2>]] [708 [847*<2>]]] [2478*<3> [1982 [1840 [1947*<2>]] [2341 [2272*]]] [3284 [2779*<2> [2669<2>] [3114]] [3585<2>]]]] [6006<3> [5654 [5330<2> [4694*]] [6001<2>]] [6318<4> [6078] [6475<2> [6494*<2>]]]]] [7829 [7323<2> [7086 [6759 [6924*<5>]] [7207<2> [7245*]]] [7734<4> [7408<2>] [7819]]] [8707<2> [7899 [7842 [7840*<2>]] [8536]] [9281 [8784<2>] [9333]]]]] [12854<2> [10947 [10357<2> [10088<2> [9925<2>] [10209]] [10628<3> [10418* [10395] [10607]] [10944]]] [12117 [11978 [11718<2> [11890*<3>]] [12114]] [12283<2> [12257 [12202*]] [12526*<6> [12397] [12577]]]]] [17645 [14595 [14142* [13093 [13067<2>] [13397<2>]] [14400 [14240<2>] [14449]]] [16363 [15348 [15551*]] [17371*<2> [17013] [17533]]]] [19846* [18958 [18079<2> [17845 [17806*<2>]] [18654<3> [18144*]]] [19078<2> [18995<2>] [19502<2> [19301*<3>]]]] [21366 [20977* [20333<2> [20020<2> [20140*<2>]] [20717* [20677<3>] [20787<2>]]] [21340 [21315] [21343]]] [21992<4> [21777 [21561*]] [22396*<2> [22089<2> [22316*]] [22679 [22678*]]]]]]]]] [27432 [24730 [23394 [22867 [22804] [23340]] [23708<3> [23652 [23481*]] [23794 [24480*]]]] [25905 [25631<2> [25206* [24940<2>] [25281]] [25849]] [26280 [26222<2>] [27006*<3> [26987<2>] [27055]]]]] [29141 [28561<2> [27775<2> [27653] [27954<2> [27898*<2>]]] [28993 [28718 [28961*]] [29026]]] [31066 [30092* [29875<2> [29601] [30027<3>]] [30397 [30347<3>] [30807 [30889*]]]] [31830<2> [31597 [31195*]] [32786*<2> [32484] [32914]]]]]]]
debug: [[[[[[[[168<2>] [559<2>] 349*] [[847*<2>] 708] 564<2>] [[[[1947*<2>] 1840] [[2272*] 2341] 1982] [[[2669<2>] [3114] 2779*<2>] [3585<2>] 3284] 2478*<3>] 1229] [[[[4694*] 5330<2>] [6001<2>] 5654] [[6078] [[6494*<2>] 6475<2>] 6318<4>] 6006<3>] 3875] [[[[[6924*<5>] 6759] [[7245*] 7207<2>] 7086] [[7408<2>] [7819] 7734<4>] 7323<2>] [[[[7840*<2>] 7842] [8536] 7899] [[8784<2>] [9333] 9281] 8707<2>] 7829] 6544<3>] [[[[[9925<2>] [10209] 10088<2>] [[[10395] [10607] 10418*] [10944] 10628<3>] 10357<2>] [[[[11890*<3>] 11718<2>] [12114] 11978] [[[12202*] 12257] [[12397] [12577] 12526*<6>] 12283<2>] 12117] 10947] [[[[[13067<2>] [13397<2>] 13093] [[14240<2>] [14449] 14400] 14142*] [[[15551*] 15348] [[17013] [17533] 17371*<2>] 16363] 14595] [[[[[17806*<2>] 17845] [[18144*] 18654<3>] 18079<2>] [[18995<2>] [[19301*<3>] 19502<2>] 19078<2>] 18958] [[[[[20140*<2>] 20020<2>] [[20677<3>] [20787<2>] 20717*] 20333<2>] [[21315] [21343] 21340] 20977*] [[[21561*] 21777] [[[22316*] 22089<2>] [[22678*] 22679] 22396*<2>] 21992<4>] 21366] 19846*] 17645] 12854<2>] 9393*] [[[[[22804] [23340] 22867] [[[23481*] 23652] [[24480*] 23794] 23708<3>] 23394] [[[[24940<2>] [25281] 25206*] [25849] 25631<2>] [[26222<2>] [[26987<2>] [27055] 27006*<3>] 26280] 25905] 24730] [[[[27653] [[27898*<2>] 27954<2>] 27775<2>] [[[28961*] 28718] [29026] 28993] 28561<2>] [[[[29601] [30027<3>] 29875<2>] [[30347<3>] [[30889*] 30807] 30397] 30092*] [[[31195*] 31597] [[32484] [32914] 32786*<2>] 31830<2>] 31066] 29141] 27432] 22725]
size is 163
Duplicates: 92
Nodes: 163
Minimum depth: 5
Maximum depth: 9
