INTEGER test of RBT, mixed insertions and deletions
size is 17821
Duplicates: 14297
Nodes: 17821
Minimum depth: 10
Maximum depth: 17
RBT:
0: 17582(17582)X
1: 8936<2>(17582)L 24984(17582)R
2: 4368(8936<2>)L 14493(8936<2>)R 21569*(24984)L 28691<2>(24984)R
3: 3064(4368)L 6727*<2>(4368)R 11960*<2>(14493)L 15261<2>(14493)R 20046(21569*)L 23558<2>(21569*)R 26473<3>(28691<2>)L 30848*(28691<2>)R
4: 1667*(3064)L 3777(3064)R 6280(6727*<2>)L 7798(6727*<2>)R 10731(11960*<2>)L 13473<2>(11960*<2>)R 15070(15261<2>)L 15811<2>(15261<2>)R 18737(20046)L 21126<2>(20046)R 22166(23558<2>)L 24597<3>(23558<2>)R 25443(26473<3>)L 28082*(26473<3>)R 29932(30848*)L 31572<3>(30848*)R
5: 997(1667*)L 2676(1667*)R 3477(3777)L 3953*<2>(3777)R 5595<4>(6280)L 6643(6280)R 7167(7798)L 8303<3>(7798)R 9594(10731)L 11273<5>(10731)R 13260<4>(13473<2>)L 13897<3>(13473<2>)R 15028*(15070)L 15190(15070)R 15426<2>(15811<2>)L 16934*(15811<2>)R 18464(18737)L 19230<3>(18737)R 20733(21126<2>)L 21419(21126<2>)R 22048(22166)L 23432(22166)R 24316<2>(24597<3>)L 24793(24597<3>)R 25282<2>(25443)L =26324<2>(25443)R 27938(28082*)L 28418<2>(28082*)R 29215(29932)L 30477(29932)R 31232(31572<3>)L 32548*(31572<3>)R
6: 366<2>(997)L 1462*<2>(997)R 2527<2>(2676)L 2690(2676)R =3622*<3>(3477)R =3933<2>(3953*<2>)L =4348(3953*<2>)R 5033*<2>(5595<4>)L 6123<4>(5595<4>)R 6356<2>(6643)L =6683(6643)R =7113<2>(7167)L 7561<2>(7167)R 8125(8303<3>)L =8486<2>(8303<3>)R 9121(9594)L 9926<2>(9594)R 11254*(11273<5>)L 11451(11273<5>)R 13186(13260<4>)L =13440(13260<4>)R =13809(13897<3>)L 14488<4>(13897<3>)R =14936(15028*)L 15063(15028*)R =15181*<2>(15190)L =15344*<3>(15426<2>)L =16519(16934*)L =17545(16934*)R =17826(18464)L 18666*(18464)R 19007(19230<3>)L 19642(19230<3>)R 20481(20733)L 20893(20733)R =21333<2>(21419)L =21469(21419)R =21995(22048)L =22160(22048)R =23156(23432)L =23525(23432)R 23972(24316<2>)L =24463(24316<2>)R =24738<3>(24793)L 24948<3>(24793)R =25242*<2>(25282<2>)L 27643(27938)L =27952<3>(27938)R =28146<4>(28418<2>)L 28542*(28418<2>)R 29093(29215)L 29439(29215)R =30274(30477)L 30718*<2>(30477)R 31148(31232)L 31366(31232)R 32251<2>(32548*)L 33013<2>(32548*)R
7: =793*(366<2>)R =1430(1462*<2>)L =1465(1462*<2>)R =2411*(2527<2>)L =2682*(2690)L =4748<3>(5033*<2>)L =5371(5033*<2>)R =6220*(6123<4>)R =6547*(6356<2>)R =7472*(7561<2>)L =7909*<5>(8125)L =9433*(9121)R =10461*<2>(9926<2>)R =11098(11254*)L =11265<2>(11254*)R =11703*(11451)R =13258*<3>(13186)R =13991*(14488<4>)L =15051*(15063)L =18651(18666*)L =18698(18666*)R =19138*<2>(19007)R =19467*(19642)L =20256*<4>(20481)L =21000*(20893)R =24287*<3>(23972)R =24940*<2>(24948<3>)L =27770*<3>(27643)R =28541(28542*)L =28575<2>(28542*)R =28927*<2>(29093)L =29661*(29439)R =30537(30718*<2>)L =30821<2>(30718*<2>)R =31167*<3>(31148)R =31313*(31366)L 31638<4>(32251<2>)L =32542<2>(32251<2>)R =32855<2>(33013<2>)L =33151<2>(33013<2>)R
8: =31775*<2>(31638<4>)R
debug: [[[[[[[366<2> [793*]] 997 [[1430] 1462*<2> [1465]]] 1667* [[[2411*] 2527<2>] 2676 [[2682*] 2690]]] 3064 [[3477 [3622*<3>]] 3777 [[3933<2>] 3953*<2> [4348]]]] 4368 [[[[[4748<3>] 5033*<2> [5371]] 5595<4> [6123<4> [6220*]]] 6280 [[6356<2> [6547*]] 6643 [6683]]] 6727*<2> [[[7113<2>] 7167 [[7472*] 7561<2>]] 7798 [[[7909*<5>] 8125] 8303<3> [8486<2>]]]]] 8936<2> [[[[[9121 [9433*]] 9594 [9926<2> [10461*<2>]]] 10731 [[[11098] 11254* [11265<2>]] 11273<5> [11451 [11703*]]]] 11960*<2> [[[13186 [13258*<3>]] 13260<4> [13440]] 13473<2> [[13809] 13897<3> [[13991*] 14488<4>]]]] 14493 [[[[14936] 15028* [[15051*] 15063]] 15070 [[15181*<2>] 15190]] 15261<2> [[[15344*<3>] 15426<2>] 15811<2> [[16519] 16934* [17545]]]]]] 17582 [[[[[[17826] 18464 [[18651] 18666* [18698]]] 18737 [[19007 [19138*<2>]] 19230<3> [[19467*] 19642]]] 20046 [[[[20256*<4>] 20481] 20733 [20893 [21000*]]] 21126<2> [[21333<2>] 21419 [21469]]]] 21569* [[[[21995] 22048 [22160]] 22166 [[23156] 23432 [23525]]] 23558<2> [[[23972 [24287*<3>]] 24316<2> [24463]] 24597<3> [[24738<3>] 24793 [[24940*<2>] 24948<3>]]]]] 24984 [[[[[25242*<2>] 25282<2>] 25443 [26324<2>]] 26473<3> [[[27643 [27770*<3>]] 27938 [27952<3>]] 28082* [[28146<4>] 28418<2> [[28541] 28542* [28575<2>]]]]] 28691<2> [[[[[28927*<2>] 29093] 29215 [29439 [29661*]]] 29932 [[30274] 30477 [[30537] 30718*<2> [30821<2>]]]] 30848* [[[31148 [31167*<3>]] 31232 [[31313*] 31366]] 31572<3> [[[31638<4> [31775*<2>]] 32251<2> [32542<2>]] 32548* [[32855<2>] 33013<2> [33151<2>]]]]]]]]
debug: [17582 [8936<2> [4368 [3064 [1667* [997 [366<2> [793*]] [1462*<2> [1430] [1465]]] [2676 [2527<2> [2411*]] [2690 [2682*]]]] [3777 [3477 [3622*<3>]] [3953*<2> [3933<2>] [4348]]]] [6727*<2> [6280 [5595<4> [5033*<2> [4748<3>] [5371]] [6123<4> [6220*]]] [6643 [6356<2> [6547*]] [6683]]] [7798 [7167 [7113<2>] [7561<2> [7472*]]] [8303<3> [8125 [7909*<5>]] [8486<2>]]]]] [14493 [11960*<2> [10731 [9594 [9121 [9433*]] [9926<2> [10461*<2>]]] [11273<5> [11254* [11098] [11265<2>]] [11451 [11703*]]]] [13473<2> [13260<4> [13186 [13258*<3>]] [13440]] [13897<3> [13809] [14488<4> [13991*]]]]] [15261<2> [15070 [15028* [14936] [15063 [15051*]]] [15190 [15181*<2>]]] [15811<2> [15426<2> [15344*<3>]] [16934* [16519] [17545]]]]]] [24984 [21569* [20046 [18737 [18464 [17826] [18666* [18651] [18698]]] [19230<3> [19007 [19138*<2>]] [19642 [19467*]]]] [21126<2> [20733 [20481 [20256*<4>]] [20893 [21000*]]] [21419 [21333<2>] [21469]]]] [23558<2> [22166 [22048 [21995] [22160]] [23432 [23156] [23525]]] [24597<3> [24316<2> [23972 [24287*<3>]] [24463]] [24793 [24738<3>] [24948<3> [24940*<2>]]]]]] [28691<2> [26473<3> [25443 [25282<2> [25242*<2>]] [26324<2>]] [28082* [27938 [27643 [27770*<3>]] [27952<3>]] [28418<2> [28146<4>] [28542* [28541] [28575<2>]]]]] [30848* [29932 [29215 [29093 [28927*<2>]] [29439 [29661*]]] [30477 [30274] [30718*<2> [30537] [30821<2>]]]] [31572<3> [31232 [31148 [31167*<3>]] [31366 [31313*]]] [32548* [32251<2> [31638<4> [31775*<2>]] [32542<2>]] [33013<2> [32855<2>] [33151<2>]]]]]]]]
debug: [[[[[[[[793*] 366<2>] [[1430] [1465] 1462*<2>] 997] [[[2411*] 2527<2>] [[2682*] 2690] 2676] 1667*] [[[3622*<3>] 3477] [[3933<2>] [4348] 3953*<2>] 3777] 3064] [[[[[4748<3>] [5371] 5033*<2>] [[6220*] 6123<4>] 5595<4>] [[[6547*] 6356<2>] [6683] 6643] 6280] [[[7113<2>] [[7472*] 7561<2>] 7167] [[[7909*<5>] 8125] [8486<2>] 8303<3>] 7798] 6727*<2>] 4368] [[[[[[9433*] 9121] [[10461*<2>] 9926<2>] 9594] [[[11098] [11265<2>] 11254*] [[11703*] 11451] 11273<5>] 10731] [[[[13258*<3>] 13186] [13440] 13260<4>] [[13809] [[13991*] 14488<4>] 13897<3>] 13473<2>] 11960*<2>] [[[[14936] [[15051*] 15063] 15028*] [[15181*<2>] 15190] 15070] [[[15344*<3>] 15426<2>] [[16519] [17545] 16934*] 15811<2>] 15261<2>] 14493] 8936<2>] [[[[[[17826] [[18651] [18698] 18666*] 18464] [[[19138*<2>] 19007] [[19467*] 19642] 19230<3>] 18737] [[[[20256*<4>] 20481] [[21000*] 20893] 20733] [[21333<2>] [21469] 21419] 21126<2>] 20046] [[[[21995] [22160] 22048] [[23156] [23525] 23432] 22166] [[[[24287*<3>] 23972] [24463] 24316<2>] [[24738<3>] [[24940*<2>] 24948<3>] 24793] 24597<3>] 23558<2>] 21569*] [[[[[25242*<2>] 25282<2>] [26324<2>] 25443] [[[[27770*<3>] 27643] [27952<3>] 27938] [[28146<4>] [[28541] [28575<2>] 28542*] 28418<2>] 28082*] 26473<3>] [[[[[28927*<2>] 29093] [[29661*] 29439] 29215] [[30274] [[30537] [30821<2>] 30718*<2>] 30477] 29932] [[[[31167*<3>] 31148] [[31313*] 31366] 31232] [[[[31775*<2>] 31638<4>] [32542<2>] 32251<2>] [[32855<2>] [33151<2>] 33013<2>] 32548*] 31572<3>] 30848*] 28691<2>] 24984] 17582]
size is 162
Duplicates: 103
Nodes: 162
Minimum depth: 5
Maximum depth: 8
