INTEGER test of STACK, insertions and deletions at front
items: ||
items: ||
size is 0
items: []
size is 0
items: (displaying top element)
1065258

size is 772861
