INTEGER test of STACK, insertions and deletions at front
items: ||
items: ||
size is 0
items: []
size is 0
items: (displaying top element)
38526

size is 1014649
