INTEGER test of GST, mixed insertions and deletions
size is 1750
Duplicates: 1376
Nodes: 1750
Minimum depth: 4
Maximum depth: 27
GST:
0: 970(970)X
1: 627(970)L 1207(970)R
2: 591<2>(627)L 849(627)R 1092(1207)L 1502(1207)R
3: 26(591<2>)L 802(849)L 872(849)R 1009(1092)L 1139<3>(1092)R 1307<5>(1502)L 2174(1502)R
4: 224<4>(26)R 755(802)L =844(802)R 938<2>(872)R 1086<8>(1009)R 1147(1139<3>)R 1228<3>(1307<5>)L 1501<2>(1307<5>)R 1972(2174)L 2666<2>(2174)R
5: 72(224<4>)L 297(224<4>)R 695(755)L =793(755)R 908(938<2>)L =967<2>(938<2>)R 1038(1086<8>)L 1182<2>(1147)R 1296<3>(1228<3>)R 1498(1501<2>)L 1602(1972)L 1980<3>(1972)R 2249<3>(2666<2>)L 3304(2666<2>)R
6: =65<2>(72)L 137(72)R 274(297)L 588<2>(297)R 724(695)R =937(908)R =1081<2>(1038)R 1198(1182<2>)R 1287<3>(1296<3>)L 1442<2>(1498)L 1586<3>(1602)L 1865(1602)R 2090(1980<3>)R 2189(2249<3>)L 2532(2249<3>)R 2706(3304)L
7: 131(137)L 169(137)R =270(274)L 284<5>(274)R 333(588<2>)L =702<3>(724)L 753(724)R 1197(1198)L 1283<2>(1287<3>)L 1375(1442<2>)L 1492<3>(1442<2>)R 1601(1586<3>)R 1774(1865)L 1930(1865)R 2014(2090)L =2108(2090)R =2180(2189)L 2440(2532)L 2607(2532)R =2698(2706)L 3174(2706)R
8: 113<3>(131)L =136<2>(131)R 165<2>(169)L 216<3>(169)R =286(284<5>)R 575<3>(333)R =740(753)L =1190<2>(1197)L 1230<2>(1283<2>)L 1368(1375)L 1388<2>(1375)R =1479(1492<3>)L =1599(1601)L 1619<4>(1774)L 1798(1774)R 1913<2>(1930)L 2020<3>(2014)R 2437(2440)L 2468<3>(2440)R 2563<2>(2607)L 2621(2607)R 3024<2>(3174)L 3212(3174)R
9: 109<2>(113<3>)L =125<2>(113<3>)R =160(165<2>)L 212<4>(216<3>)L 397<2>(575<3>)L 584<3>(575<3>)R 1239(1230<2>)R =1366<2>(1368)L 1436(1388<2>)R 1710(1619<4>)R 1827(1798)R =1923<2>(1913<2>)R 2024(2020<3>)R 2402(2437)L =2457<2>(2468<3>)L =2598(2563<2>)R 2653<2>(2621)R 2788(3024<2>)L 3157<4>(3024<2>)R 3272(3212)R
10: 102<2>(109<2>)L =196<2>(212<4>)L 334(397<2>)L 507<3>(397<2>)R =579(584<3>)L 1254(1239)R 1395(1436)L 1659(1710)L 1768<2>(1710)R =1823(1827)L 2067<5>(2024)R 2383(2402)L =2660<2>(2653<2>)R 2745(2788)L 2936<3>(2788)R 3044(3157<4>)L =3158<2>(3157<4>)R =3240(3272)L
11: =101<2>(102<2>)L 372(334)R =468(507<3>)L 552(507<3>)R =1281(1254)R =1390(1395)L =1693(1659)R 1712<2>(1768<2>)L 2073<3>(2067<5>)R 2317<2>(2383)L 2746<2>(2745)R 2892<3>(2936<3>)L 2973(2936<3>)R 3065(3044)R
12: 355(372)L =384(372)R =569<2>(552)R =1722(1712<2>)R =2070(2073<3>)L =2087<2>(2073<3>)R 2299<2>(2317<2>)L 2377(2317<2>)R 2767<2>(2746<2>)R 2853(2892<3>)L 2935(2892<3>)R 3000<3>(2973)R =3109(3065)R
13: 350<2>(355)L =2310(2299<2>)R 2373<3>(2377)L =2759(2767<2>)L 2776(2767<2>)R 2822<2>(2853)L =2877(2853)R 2923(2935)L =3001(3000<3>)R
14: =353<2>(350<2>)R 2357(2373<3>)L =2772(2776)L =2785(2776)R =2845<5>(2822<2>)R 2921<3>(2923)L
15: =2348(2357)L =2905(2921<3>)L
debug: [[[[26 [[[65<2>] 72 [[[[[[101<2>] 102<2>] 109<2>] 113<3> [125<2>]] 131 [136<2>]] 137 [[[160] 165<2>] 169 [[[196<2>] 212<4>] 216<3>]]]] 224<4> [[[270] 274 [284<5> [286]]] 297 [[333 [[[334 [[[350<2> [353<2>]] 355] 372 [384]]] 397<2> [[468] 507<3> [552 [569<2>]]]] 575<3> [[579] 584<3>]]] 588<2>]]]] 591<2>] 627 [[[[695 [[702<3>] 724 [[740] 753]]] 755 [793]] 802 [844]] 849 [872 [[908 [937]] 938<2> [967<2>]]]]] 970 [[[1009 [[1038 [1081<2>]] 1086<8>]] 1092 [1139<3> [1147 [1182<2> [[[1190<2>] 1197] 1198]]]]] 1207 [[[1228<3> [[[[1230<2> [1239 [1254 [1281]]]] 1283<2>] 1287<3>] 1296<3>]] 1307<5> [[[[[[1366<2>] 1368] 1375 [1388<2> [[[1390] 1395] 1436]]] 1442<2> [[1479] 1492<3>]] 1498] 1501<2>]] 1502 [[[[1586<3> [[1599] 1601]] 1602 [[[1619<4> [[1659 [1693]] 1710 [[1712<2> [1722]] 1768<2>]]] 1774 [1798 [[1823] 1827]]] 1865 [[1913<2> [1923<2>]] 1930]]] 1972 [1980<3> [[2014 [2020<3> [2024 [2067<5> [[2070] 2073<3> [2087<2>]]]]]] 2090 [2108]]]] 2174 [[[[2180] 2189] 2249<3> [[[[[[[2299<2> [2310]] 2317<2> [[[[2348] 2357] 2373<3>] 2377]] 2383] 2402] 2437] 2440 [[2457<2>] 2468<3>]] 2532 [[2563<2> [2598]] 2607 [2621 [2653<2> [2660<2>]]]]]] 2666<2> [[[2698] 2706 [[[[2745 [2746<2> [[2759] 2767<2> [[2772] 2776 [2785]]]]] 2788 [[[[2822<2> [2845<5>]] 2853 [2877]] 2892<3> [[[[2905] 2921<3>] 2923] 2935]] 2936<3> [2973 [3000<3> [3001]]]]] 3024<2> [[3044 [3065 [3109]]] 3157<4> [3158<2>]]] 3174 [3212 [[3240] 3272]]]] 3304]]]]]]
debug: [970 [627 [591<2> [26 [224<4> [72 [65<2>] [137 [131 [113<3> [109<2> [102<2> [101<2>]]] [125<2>]] [136<2>]] [169 [165<2> [160]] [216<3> [212<4> [196<2>]]]]]] [297 [274 [270] [284<5> [286]]] [588<2> [333 [575<3> [397<2> [334 [372 [355 [350<2> [353<2>]]] [384]]] [507<3> [468] [552 [569<2>]]]] [584<3> [579]]]]]]]]] [849 [802 [755 [695 [724 [702<3>] [753 [740]]]] [793]] [844]] [872 [938<2> [908 [937]] [967<2>]]]]] [1207 [1092 [1009 [1086<8> [1038 [1081<2>]]]] [1139<3> [1147 [1182<2> [1198 [1197 [1190<2>]]]]]]] [1502 [1307<5> [1228<3> [1296<3> [1287<3> [1283<2> [1230<2> [1239 [1254 [1281]]]]]]]] [1501<2> [1498 [1442<2> [1375 [1368 [1366<2>]] [1388<2> [1436 [1395 [1390]]]]] [1492<3> [1479]]]]]] [2174 [1972 [1602 [1586<3> [1601 [1599]]] [1865 [1774 [1619<4> [1710 [1659 [1693]] [1768<2> [1712<2> [1722]]]]] [1798 [1827 [1823]]]] [1930 [1913<2> [1923<2>]]]]] [1980<3> [2090 [2014 [2020<3> [2024 [2067<5> [2073<3> [2070] [2087<2>]]]]]] [2108]]]] [2666<2> [2249<3> [2189 [2180]] [2532 [2440 [2437 [2402 [2383 [2317<2> [2299<2> [2310]] [2377 [2373<3> [2357 [2348]]]]]]]] [2468<3> [2457<2>]]] [2607 [2563<2> [2598]] [2621 [2653<2> [2660<2>]]]]]] [3304 [2706 [2698] [3174 [3024<2> [2788 [2745 [2746<2> [2767<2> [2759] [2776 [2772] [2785]]]]] [2936<3> [2892<3> [2853 [2822<2> [2845<5>]] [2877]] [2935 [2923 [2921<3> [2905]]]]] [2973 [3000<3> [3001]]]]] [3157<4> [3044 [3065 [3109]]] [3158<2>]]] [3212 [3272 [3240]]]]]]]]]]]
debug: [[[[[[[65<2>] [[[[[[101<2>] 102<2>] 109<2>] [125<2>] 113<3>] [136<2>] 131] [[[160] 165<2>] [[[196<2>] 212<4>] 216<3>] 169] 137] 72] [[[270] [[286] 284<5>] 274] [[[[[[[[[353<2>] 350<2>] 355] [384] 372] 334] [[468] [[569<2>] 552] 507<3>] 397<2>] [[579] 584<3>] 575<3>] 333] 588<2>] 297] 224<4>] 26] 591<2>] [[[[[[702<3>] [[740] 753] 724] 695] [793] 755] [844] 802] [[[[937] 908] [967<2>] 938<2>] 872] 849] 627] [[[[[[1081<2>] 1038] 1086<8>] 1009] [[[[[[1190<2>] 1197] 1198] 1182<2>] 1147] 1139<3>] 1092] [[[[[[[[[[1281] 1254] 1239] 1230<2>] 1283<2>] 1287<3>] 1296<3>] 1228<3>] [[[[[[1366<2>] 1368] [[[[1390] 1395] 1436] 1388<2>] 1375] [[1479] 1492<3>] 1442<2>] 1498] 1501<2>] 1307<5>] [[[[[[1599] 1601] 1586<3>] [[[[[[1693] 1659] [[[1722] 1712<2>] 1768<2>] 1710] 1619<4>] [[[1823] 1827] 1798] 1774] [[[1923<2>] 1913<2>] 1930] 1865] 1602] [[[[[[[[2070] [2087<2>] 2073<3>] 2067<5>] 2024] 2020<3>] 2014] [2108] 2090] 1980<3>] 1972] [[[[2180] 2189] [[[[[[[[2310] 2299<2>] [[[[2348] 2357] 2373<3>] 2377] 2317<2>] 2383] 2402] 2437] [[2457<2>] 2468<3>] 2440] [[[2598] 2563<2>] [[[2660<2>] 2653<2>] 2621] 2607] 2532] 2249<3>] [[[2698] [[[[[[[2759] [[2772] [2785] 2776] 2767<2>] 2746<2>] 2745] [[[[[2845<5>] 2822<2>] [2877] 2853] [[[[2905] 2921<3>] 2923] 2935] 2892<3>] [[[3001] 3000<3>] 2973] 2936<3>] 2788] [[[[3109] 3065] 3044] [3158<2>] 3157<4>] 3024<2>] [[[3240] 3272] 3212] 3174] 2706] 3304] 2666<2>] 2174] 1502] 1207] 970]
size is 180
Duplicates: 121
Nodes: 180
Minimum depth: 2
Maximum depth: 15
