INTEGER test of GST, mixed insertions and deletions
size is 1795
Duplicates: 1484
Nodes: 1795
Minimum depth: 4
Maximum depth: 23
GST:
0: 454(454)X
1: 133<4>(454)L 3043<2>(454)R
2: 70<3>(133<4>)L 410<2>(133<4>)R 1759(3043<2>)L 3089<4>(3043<2>)R
3: =45(70<3>)L 296(410<2>)L =439(410<2>)R 758<4>(1759)L 2016<3>(1759)R 3189(3089<4>)R
4: 259<3>(296)L =359<3>(296)R 1503<2>(758<4>)R 1921<2>(2016<3>)L 2865(2016<3>)R 3158(3189)L
5: =279(259<3>)R 849<2>(1503<2>)L 1556(1503<2>)R 1778<2>(1921<2>)L 2265<2>(2865)L 3024(2865)R 3129(3158)L
6: =786(849<2>)L 988<2>(849<2>)R 1574<3>(1556)R 1909(1778<2>)R 2108<2>(2265<2>)L 2368(2265<2>)R 2977<2>(3024)L =3153(3129)R
7: =966<4>(988<2>)L 1367<2>(988<2>)R 1588(1574<3>)R 1880(1909)L =2099(2108<2>)L =2132(2108<2>)R 2361<2>(2368)L 2527(2368)R =2930<2>(2977<2>)L
8: 1184(1367<2>)L =1479(1367<2>)R =1750(1588)R 1798(1880)L =2313(2361<2>)L 2789<2>(2527)R
9: 1256<2>(1184)R 1866(1798)R 2556(2789<2>)L 2813<3>(2789<2>)R
10: 1344(1256<2>)R =1838(1866)L 2729<4>(2556)R =2844<2>(2813<3>)R
11: =1325<2>(1344)L =2669<3>(2729<4>)L
debug: [[[[45] 70<3>] 133<4> [[[259<3> [279]] 296 [359<3>]] 410<2> [439]]] 454 [[[758<4> [[[786] 849<2> [[966<4>] 988<2> [[1184 [1256<2> [[1325<2>] 1344]]] 1367<2> [1479]]]] 1503<2> [1556 [1574<3> [1588 [1750]]]]]] 1759 [[[1778<2> [[[1798 [[1838] 1866]] 1880] 1909]] 1921<2>] 2016<3> [[[[2099] 2108<2> [2132]] 2265<2> [[[2313] 2361<2>] 2368 [2527 [[2556 [[2669<3>] 2729<4>]] 2789<2> [2813<3> [2844<2>]]]]]] 2865 [[[2930<2>] 2977<2>] 3024]]]] 3043<2> [3089<4> [[[3129 [3153]] 3158] 3189]]]]
debug: [454 [133<4> [70<3> [45]] [410<2> [296 [259<3> [279]] [359<3>]] [439]]] [3043<2> [1759 [758<4> [1503<2> [849<2> [786] [988<2> [966<4>] [1367<2> [1184 [1256<2> [1344 [1325<2>]]]] [1479]]]] [1556 [1574<3> [1588 [1750]]]]]] [2016<3> [1921<2> [1778<2> [1909 [1880 [1798 [1866 [1838]]]]]]] [2865 [2265<2> [2108<2> [2099] [2132]] [2368 [2361<2> [2313]] [2527 [2789<2> [2556 [2729<4> [2669<3>]]] [2813<3> [2844<2>]]]]]] [3024 [2977<2> [2930<2>]]]]]] [3089<4> [3189 [3158 [3129 [3153]]]]]]]
debug: [[[[45] 70<3>] [[[[279] 259<3>] [359<3>] 296] [439] 410<2>] 133<4>] [[[[[[786] [[966<4>] [[[[[1325<2>] 1344] 1256<2>] 1184] [1479] 1367<2>] 988<2>] 849<2>] [[[[1750] 1588] 1574<3>] 1556] 1503<2>] 758<4>] [[[[[[[[1838] 1866] 1798] 1880] 1909] 1778<2>] 1921<2>] [[[[2099] [2132] 2108<2>] [[[2313] 2361<2>] [[[[[2669<3>] 2729<4>] 2556] [[2844<2>] 2813<3>] 2789<2>] 2527] 2368] 2265<2>] [[[2930<2>] 2977<2>] 3024] 2865] 2016<3>] 1759] [[[[[3153] 3129] 3158] 3189] 3089<4>] 3043<2>] 454]
size is 59
Duplicates: 46
Nodes: 59
Minimum depth: 2
Maximum depth: 11
