INTEGER test of GST, mixed insertions and deletions
size is 1802
Duplicates: 1394
Nodes: 1802
Minimum depth: 3
Maximum depth: 27
GST:
0: 2985<3>(2985<3>)X
1: 2659(2985<3>)L 3076<3>(2985<3>)R
2: 2226(2659)L 2735(2659)R 3028(3076<3>)L 3106<2>(3076<3>)R
3: 1291(2226)L 2568(2226)R 2714<2>(2735)L 2879(2735)R =2996(3028)L =3071<2>(3028)R =3103<4>(3106<2>)L 3235<2>(3106<2>)R
4: 784(1291)L 1867(1291)R 2263(2568)L 2653<3>(2568)R 2706(2714<2>)L 2804(2879)L 2899(2879)R 3182<2>(3235<2>)L 3294<4>(3235<2>)R
5: 482(784)L 1166(784)R 1333(1867)L 2066(1867)R 2503<2>(2263)R 2626(2653<3>)L 2712<2>(2706)R 2756(2804)L 2851(2804)R =2890(2899)L 2968(2899)R 3136<3>(3182<2>)L =3217<2>(3182<2>)R 3278(3294<4>)L
6: 142(482)L 575(482)R 1025<2>(1166)L 1196(1166)R 1314(1333)L 1846<2>(1333)R 1922<3>(2066)L 2123(2066)R 2365<3>(2503<2>)L =2548(2503<2>)R =2615<3>(2626)L =2635(2626)R =2711<2>(2712<2>)L 2753<3>(2756)L =2789(2756)R =2837(2851)L 2905(2968)L 3155(3136<3>)R 3258<4>(3278)L =3289<4>(3278)R
7: 23(142)L 368(142)R 521(575)L 602<2>(575)R 989<2>(1025<2>)L 1048(1025<2>)R 1277(1196)R =1328(1314)R 1708(1846<2>)L 1896(1922<3>)L 1950<2>(1922<3>)R 2079(2123)L 2178(2123)R 2324(2365<3>)L 2396<2>(2365<3>)R =2751<2>(2753<3>)L =2966(2905)R =3139<2>(3155)L =3180(3155)R =3253<3>(3258<4>)L
8: 52(23)R 245(368)L 460(368)R =546(521)R 581<2>(602<2>)L 725<2>(602<2>)R 947<2>(989<2>)L =1014(989<2>)R 1038(1048)L 1089<2>(1048)R 1203(1277)L 1367(1708)L 1747<2>(1708)R 1889(1896)L =1921(1896)R 1983<2>(1950<2>)R 2112<2>(2079)R 2170(2178)L =2221<3>(2178)R 2291<2>(2324)L 2361(2324)R 2386(2396<2>)L =2472<2>(2396<2>)R
9: =93<3>(52)R 203<2>(245)L 349(245)R 406(460)L =474(460)R =580(581<2>)L 642<2>(725<2>)L =757(725<2>)R 940<2>(947<2>)L =1034(1038)L 1061(1089<2>)L 1244<3>(1203)R 1345<3>(1367)L 1507<3>(1367)R 1815<4>(1747<2>)R =1879(1889)L 2034(1983<2>)R =2089<3>(2112<2>)L 2165(2170)L =2286(2291<2>)L =2307(2291<2>)R 2331<3>(2361)L 2383(2386)L
10: =194<2>(203<2>)L 279<3>(349)L =363(349)R 457(406)R 659(642<2>)R 933(940<2>)L =1078<4>(1061)R 1269(1244<3>)R =1360(1345<3>)R 1427(1507<3>)L 1572(1507<3>)R 1789<2>(1815<4>)L 1984(2034)L =2157(2165)L 2349<4>(2331<3>)R 2375(2383)L
11: 314(279<3>)R 425<2>(457)L =650<2>(659)L 697(659)R 917(933)L =1268(1269)L 1397(1427)L 1460<2>(1427)R 1543(1572)L 1606(1572)R 1755(1789<2>)L =2023(1984)R =2354(2349<4>)R =2373<2>(2375)L
12: =297<2>(314)L =334<3>(314)R =418<2>(425<2>)L 437<2>(425<2>)R =687(697)L 892(917)L 932<2>(917)R =1415(1397)R =1494(1460<2>)R 1540<2>(1543)L 1563(1543)R 1641<4>(1606)R 1771(1755)R
13: =436<3>(437<2>)L 889<2>(892)L =931(932<2>)L =1537<2>(1540<2>)L 1553(1563)L 1635(1641<4>)L 1650<2>(1641<4>)R =1768(1771)L
14: 873<4>(889<2>)L =1555(1553)R 1620(1635)L 1659<2>(1650<2>)R
15: =828(873<4>)L =888(873<4>)R 1622<2>(1620)R 1674(1659<2>)R
16: =1629(1622<2>)R =1665<2>(1674)L 1706<3>(1674)R
17: 1689<2>(1706<3>)L
18: 1693(1689<2>)R
19: =1701(1693)R
debug: [[[[[[[[23 [52 [93<3>]]] 142 [[[[194<2>] 203<2>] 245 [[279<3> [[297<2>] 314 [334<3>]]] 349 [363]]] 368 [[406 [[[418<2>] 425<2> [[436<3>] 437<2>]] 457]] 460 [474]]]] 482 [[521 [546]] 575 [[[580] 581<2>] 602<2> [[642<2> [[650<2>] 659 [[687] 697]]] 725<2> [757]]]]] 784 [[[[[[[[[[[828] 873<4> [888]] 889<2>] 892] 917 [[931] 932<2>]] 933] 940<2>] 947<2>] 989<2> [1014]] 1025<2> [[[1034] 1038] 1048 [[1061 [1078<4>]] 1089<2>]]] 1166 [1196 [[1203 [1244<3> [[1268] 1269]]] 1277]]]] 1291 [[[1314 [1328]] 1333 [[[[1345<3> [1360]] 1367 [[[1397 [1415]] 1427 [1460<2> [1494]]] 1507<3> [[[[1537<2>] 1540<2>] 1543 [[1553 [1555]] 1563]] 1572 [1606 [[[1620 [1622<2> [1629]]] 1635] 1641<4> [1650<2> [1659<2> [[1665<2>] 1674 [[1689<2> [1693 [1701]]] 1706<3>]]]]]]]]] 1708 [1747<2> [[[1755 [[1768] 1771]] 1789<2>] 1815<4>]]] 1846<2>]] 1867 [[[[[1879] 1889] 1896 [1921]] 1922<3> [1950<2> [1983<2> [[1984 [2023]] 2034]]]] 2066 [[2079 [[2089<3>] 2112<2>]] 2123 [[[[2157] 2165] 2170] 2178 [2221<3>]]]]]] 2226 [[2263 [[[[[2286] 2291<2> [2307]] 2324 [[2331<3> [2349<4> [2354]]] 2361]] 2365<3> [[[[[2373<2>] 2375] 2383] 2386] 2396<2> [2472<2>]]] 2503<2> [2548]]] 2568 [[[2615<3>] 2626 [2635]] 2653<3>]]] 2659 [[[2706 [[2711<2>] 2712<2>]] 2714<2>] 2735 [[[[[2751<2>] 2753<3>] 2756 [2789]] 2804 [[2837] 2851]] 2879 [[2890] 2899 [[2905 [2966]] 2968]]]]] 2985<3> [[[2996] 3028 [3071<2>]] 3076<3> [[3103<4>] 3106<2> [[[3136<3> [[3139<2>] 3155 [3180]]] 3182<2> [3217<2>]] 3235<2> [[[[3253<3>] 3258<4>] 3278 [3289<4>]] 3294<4>]]]]]
debug: [2985<3> [2659 [2226 [1291 [784 [482 [142 [23 [52 [93<3>]]] [368 [245 [203<2> [194<2>]] [349 [279<3> [314 [297<2>] [334<3>]]] [363]]] [460 [406 [457 [425<2> [418<2>] [437<2> [436<3>]]]]] [474]]]] [575 [521 [546]] [602<2> [581<2> [580]] [725<2> [642<2> [659 [650<2>] [697 [687]]]] [757]]]]] [1166 [1025<2> [989<2> [947<2> [940<2> [933 [917 [892 [889<2> [873<4> [828] [888]]]] [932<2> [931]]]]]] [1014]] [1048 [1038 [1034]] [1089<2> [1061 [1078<4>]]]]] [1196 [1277 [1203 [1244<3> [1269 [1268]]]]]]]] [1867 [1333 [1314 [1328]] [1846<2> [1708 [1367 [1345<3> [1360]] [1507<3> [1427 [1397 [1415]] [1460<2> [1494]]] [1572 [1543 [1540<2> [1537<2>]] [1563 [1553 [1555]]]] [1606 [1641<4> [1635 [1620 [1622<2> [1629]]]] [1650<2> [1659<2> [1674 [1665<2>] [1706<3> [1689<2> [1693 [1701]]]]]]]]]]]] [1747<2> [1815<4> [1789<2> [1755 [1771 [1768]]]]]]]]] [2066 [1922<3> [1896 [1889 [1879]] [1921]] [1950<2> [1983<2> [2034 [1984 [2023]]]]]] [2123 [2079 [2112<2> [2089<3>]]] [2178 [2170 [2165 [2157]]] [2221<3>]]]]]] [2568 [2263 [2503<2> [2365<3> [2324 [2291<2> [2286] [2307]] [2361 [2331<3> [2349<4> [2354]]]]] [2396<2> [2386 [2383 [2375 [2373<2>]]]] [2472<2>]]] [2548]]] [2653<3> [2626 [2615<3>] [2635]]]]] [2735 [2714<2> [2706 [2712<2> [2711<2>]]]] [2879 [2804 [2756 [2753<3> [2751<2>]] [2789]] [2851 [2837]]] [2899 [2890] [2968 [2905 [2966]]]]]]] [3076<3> [3028 [2996] [3071<2>]] [3106<2> [3103<4>] [3235<2> [3182<2> [3136<3> [3155 [3139<2>] [3180]]] [3217<2>]] [3294<4> [3278 [3258<4> [3253<3>]] [3289<4>]]]]]]]
debug: [[[[[[[[[[93<3>] 52] 23] [[[[194<2>] 203<2>] [[[[297<2>] [334<3>] 314] 279<3>] [363] 349] 245] [[[[[418<2>] [[436<3>] 437<2>] 425<2>] 457] 406] [474] 460] 368] 142] [[[546] 521] [[[580] 581<2>] [[[[650<2>] [[687] 697] 659] 642<2>] [757] 725<2>] 602<2>] 575] 482] [[[[[[[[[[[828] [888] 873<4>] 889<2>] 892] [[931] 932<2>] 917] 933] 940<2>] 947<2>] [1014] 989<2>] [[[1034] 1038] [[[1078<4>] 1061] 1089<2>] 1048] 1025<2>] [[[[[[1268] 1269] 1244<3>] 1203] 1277] 1196] 1166] 784] [[[[1328] 1314] [[[[[1360] 1345<3>] [[[[1415] 1397] [[1494] 1460<2>] 1427] [[[[1537<2>] 1540<2>] [[[1555] 1553] 1563] 1543] [[[[[[1629] 1622<2>] 1620] 1635] [[[[1665<2>] [[[[1701] 1693] 1689<2>] 1706<3>] 1674] 1659<2>] 1650<2>] 1641<4>] 1606] 1572] 1507<3>] 1367] [[[[[[1768] 1771] 1755] 1789<2>] 1815<4>] 1747<2>] 1708] 1846<2>] 1333] [[[[[1879] 1889] [1921] 1896] [[[[[2023] 1984] 2034] 1983<2>] 1950<2>] 1922<3>] [[[[2089<3>] 2112<2>] 2079] [[[[2157] 2165] 2170] [2221<3>] 2178] 2123] 2066] 1867] 1291] [[[[[[[2286] [2307] 2291<2>] [[[[2354] 2349<4>] 2331<3>] 2361] 2324] [[[[[2373<2>] 2375] 2383] 2386] [2472<2>] 2396<2>] 2365<3>] [2548] 2503<2>] 2263] [[[2615<3>] [2635] 2626] 2653<3>] 2568] 2226] [[[[[2711<2>] 2712<2>] 2706] 2714<2>] [[[[[2751<2>] 2753<3>] [2789] 2756] [[2837] 2851] 2804] [[2890] [[[2966] 2905] 2968] 2899] 2879] 2735] 2659] [[[2996] [3071<2>] 3028] [[3103<4>] [[[[[3139<2>] [3180] 3155] 3136<3>] [3217<2>] 3182<2>] [[[[3253<3>] 3258<4>] [3289<4>] 3278] 3294<4>] 3235<2>] 3106<2>] 3076<3>] 2985<3>]
size is 189
Duplicates: 114
Nodes: 189
Minimum depth: 3
Maximum depth: 19
