INTEGER test of GST, mixed insertions and deletions
size is 1766
Duplicates: 1459
Nodes: 1766
Minimum depth: 3
Maximum depth: 25
GST:
0: 1556(1556)X
1: 247(1556)L 1661<3>(1556)R
2: 165(247)L 1294(247)R 1644(1661<3>)L 1771(1661<3>)R
3: 151(165)L 915<2>(1294)L 1487(1294)R 1595(1644)L 1736(1771)L 2089<2>(1771)R
4: 103<4>(151)L 563<4>(915<2>)L 938<3>(915<2>)R 1385(1487)L 1549(1487)R 1576(1595)L 1638<2>(1595)R 1688<2>(1736)L 2018(2089<2>)L 3281(2089<2>)R
5: 75<2>(103<4>)L 130(103<4>)R 508(563<4>)L 597(563<4>)R 1173<2>(938<3>)R 1323<2>(1385)L 1461(1385)R 1521(1549)L 1579(1576)R =1635<2>(1638<2>)L 1694<2>(1688<2>)R 1917(2018)L 2058(2018)R 2543<2>(3281)L 3322(3281)R
6: 23(75<2>)L 85<3>(75<2>)R =127<4>(130)L 319(508)L 555<2>(508)R 670(597)R 954<3>(1173<2>)L 1259<3>(1173<2>)R 1308<4>(1323<2>)L 1367(1323<2>)R 1415<2>(1461)L =1532<2>(1521)R 1580(1579)R 1695<5>(1694<2>)R 1870(1917)L 1935(1917)R 2046(2058)L 2173<4>(2543<2>)L 2749(2543<2>)R =3324(3322)R
7: 32<2>(23)R =99<2>(85<3>)R =318<4>(319)L 390(319)R =531(555<2>)L =558(555<2>)R 611<2>(670)L 877<2>(670)R 1007<2>(954<3>)R =1289<2>(1259<3>)R 1311(1308<4>)R =1370<3>(1367)R =1457<2>(1415<2>)R =1586(1580)R 1732(1695<5>)R 1867(1870)L =1912<3>(1870)R 1984<3>(1935)R =2044<4>(2046)L 2101(2173<4>)L 2282(2173<4>)R 2697<2>(2749)L 2978(2749)R
8: =53<2>(32<2>)R 354(390)L 480(390)R 623<3>(611<2>)R 713(877<2>)L 912(877<2>)R 975(1007<2>)L 1045(1007<2>)R 1317<3>(1311)R =1730<2>(1732)L 1866(1867)L =1944(1984<3>)L 2150(2101)R 2262<2>(2282)L 2505(2282)R 2601(2697<2>)L 2739(2697<2>)R 2826(2978)L 3031(2978)R
9: 338(354)L 388(354)R 429(480)L 506(480)R 646(623<3>)R =685<2>(713)L 746<2>(713)R =911(912)L 985<2>(975)R 1012(1045)L 1158(1045)R =1315<2>(1317<3>)L 1840(1866)L =2164<2>(2150)R 2209(2262<2>)L 2454<3>(2505)L =2513(2505)R 2599(2601)L 2680(2601)R 2737(2739)L =2772<2>(2826)L 2904(2826)R 3098(3031)R
10: =334<2>(338)L =347<3>(338)R 369(388)L 451(429)R =500(506)L 626(646)L =663(646)R 816(746<2>)R =1005<2>(985<2>)R =1030<2>(1012)R 1101<2>(1158)L =1850<2>(1840)R 2252<2>(2209)R 2314<2>(2454<3>)L 2500<3>(2454<3>)R 2580(2599)L 2637(2680)L =2695(2680)R 2716(2737)L =2876<2>(2904)L 2964<2>(2904)R 3045<2>(3098)L 3237<3>(3098)R
11: =367(369)L 467(451)R =644<2>(626)R 872(816)R 1133(1101<2>)R =2238(2252<2>)L 2333(2314<2>)R 2471(2500<3>)L =2598(2580)R =2623(2637)L =2641<2>(2637)R 2734(2716)R 2937(2964<2>)L =3042(3045<2>)L =3071<2>(3045<2>)R 3191<2>(3237<3>)L
12: 466(467)L 870(872)L =875(872)R 1128(1133)L 1154(1133)R 2426(2333)R =2480(2471)R =2726(2734)L 2919(2937)L 2958(2937)R 3159(3191<2>)L
13: =461(466)L 841(870)L =1129<2>(1128)R =1144<2>(1154)L 2373<3>(2426)L 2444<2>(2426)R =2928(2919)R =2951(2958)L 3127<2>(3159)L 3187(3159)R
14: 827(841)L =2350<2>(2373<3>)L 2399(2373<3>)R =2453(2444<2>)R =3142(3127<2>)R =3189(3187)R
15: =819<2>(827)L 2392<2>(2399)L
16: =2385<3>(2392<2>)L
debug: [[[[[[[23 [32<2> [53<2>]]] 75<2> [85<3> [99<2>]]] 103<4> [[127<4>] 130]] 151] 165] 247 [[[[[[318<4>] 319 [[[[334<2>] 338 [347<3>]] 354 [[[367] 369] 388]] 390 [[429 [451 [[[461] 466] 467]]] 480 [[500] 506]]]] 508 [[531] 555<2> [558]]] 563<4> [597 [[611<2> [623<3> [[626 [644<2>]] 646 [663]]]] 670 [[[685<2>] 713 [746<2> [816 [[[[[819<2>] 827] 841] 870] 872 [875]]]]] 877<2> [[911] 912]]]]] 915<2> [938<3> [[954<3> [[975 [985<2> [1005<2>]]] 1007<2> [[1012 [1030<2>]] 1045 [[1101<2> [[1128 [1129<2>]] 1133 [[1144<2>] 1154]]] 1158]]]] 1173<2> [1259<3> [1289<2>]]]]] 1294 [[[[1308<4> [1311 [[1315<2>] 1317<3>]]] 1323<2> [1367 [1370<3>]]] 1385 [[1415<2> [1457<2>]] 1461]] 1487 [[1521 [1532<2>]] 1549]]]] 1556 [[[[1576 [1579 [1580 [1586]]]] 1595 [[1635<2>] 1638<2>]] 1644] 1661<3> [[[1688<2> [1694<2> [1695<5> [[1730<2>] 1732]]]] 1736] 1771 [[[[[[[1840 [1850<2>]] 1866] 1867] 1870 [1912<3>]] 1917 [1935 [[1944] 1984<3>]]] 2018 [[[2044<4>] 2046] 2058]] 2089<2> [[[[2101 [2150 [2164<2>]]] 2173<4> [[[2209 [[2238] 2252<2>]] 2262<2>] 2282 [[[2314<2> [2333 [[[2350<2>] 2373<3> [[[2385<3>] 2392<2>] 2399]] 2426 [2444<2> [2453]]]]] 2454<3> [[2471 [2480]] 2500<3>]] 2505 [2513]]]] 2543<2> [[[[[2580 [2598]] 2599] 2601 [[[2623] 2637 [2641<2>]] 2680 [2695]]] 2697<2> [[[2716 [[2726] 2734]] 2737] 2739]] 2749 [[[2772<2>] 2826 [[2876<2>] 2904 [[[2919 [2928]] 2937 [[2951] 2958]] 2964<2>]]] 2978 [3031 [[[3042] 3045<2> [3071<2>]] 3098 [[[[3127<2> [3142]] 3159 [3187 [3189]]] 3191<2>] 3237<3>]]]]]] 3281 [3322 [3324]]]]]]]
debug: [1556 [247 [165 [151 [103<4> [75<2> [23 [32<2> [53<2>]]] [85<3> [99<2>]]] [130 [127<4>]]]]] [1294 [915<2> [563<4> [508 [319 [318<4>] [390 [354 [338 [334<2>] [347<3>]] [388 [369 [367]]]] [480 [429 [451 [467 [466 [461]]]]] [506 [500]]]]] [555<2> [531] [558]]] [597 [670 [611<2> [623<3> [646 [626 [644<2>]] [663]]]] [877<2> [713 [685<2>] [746<2> [816 [872 [870 [841 [827 [819<2>]]]] [875]]]]] [912 [911]]]]]] [938<3> [1173<2> [954<3> [1007<2> [975 [985<2> [1005<2>]]] [1045 [1012 [1030<2>]] [1158 [1101<2> [1133 [1128 [1129<2>]] [1154 [1144<2>]]]]]]]] [1259<3> [1289<2>]]]]] [1487 [1385 [1323<2> [1308<4> [1311 [1317<3> [1315<2>]]]] [1367 [1370<3>]]] [1461 [1415<2> [1457<2>]]]] [1549 [1521 [1532<2>]]]]]] [1661<3> [1644 [1595 [1576 [1579 [1580 [1586]]]] [1638<2> [1635<2>]]]] [1771 [1736 [1688<2> [1694<2> [1695<5> [1732 [1730<2>]]]]]] [2089<2> [2018 [1917 [1870 [1867 [1866 [1840 [1850<2>]]]] [1912<3>]] [1935 [1984<3> [1944]]]] [2058 [2046 [2044<4>]]]] [3281 [2543<2> [2173<4> [2101 [2150 [2164<2>]]] [2282 [2262<2> [2209 [2252<2> [2238]]]] [2505 [2454<3> [2314<2> [2333 [2426 [2373<3> [2350<2>] [2399 [2392<2> [2385<3>]]]] [2444<2> [2453]]]]] [2500<3> [2471 [2480]]]] [2513]]]] [2749 [2697<2> [2601 [2599 [2580 [2598]]] [2680 [2637 [2623] [2641<2>]] [2695]]] [2739 [2737 [2716 [2734 [2726]]]]]] [2978 [2826 [2772<2>] [2904 [2876<2>] [2964<2> [2937 [2919 [2928]] [2958 [2951]]]]]] [3031 [3098 [3045<2> [3042] [3071<2>]] [3237<3> [3191<2> [3159 [3127<2> [3142]] [3187 [3189]]]]]]]]]] [3322 [3324]]]]]]]
debug: [[[[[[[[[53<2>] 32<2>] 23] [[99<2>] 85<3>] 75<2>] [[127<4>] 130] 103<4>] 151] 165] [[[[[[318<4>] [[[[334<2>] [347<3>] 338] [[[367] 369] 388] 354] [[[[[[461] 466] 467] 451] 429] [[500] 506] 480] 390] 319] [[531] [558] 555<2>] 508] [[[[[[[644<2>] 626] [663] 646] 623<3>] 611<2>] [[[685<2>] [[[[[[[819<2>] 827] 841] 870] [875] 872] 816] 746<2>] 713] [[911] 912] 877<2>] 670] 597] 563<4>] [[[[[[[1005<2>] 985<2>] 975] [[[1030<2>] 1012] [[[[[1129<2>] 1128] [[1144<2>] 1154] 1133] 1101<2>] 1158] 1045] 1007<2>] 954<3>] [[1289<2>] 1259<3>] 1173<2>] 938<3>] 915<2>] [[[[[[[1315<2>] 1317<3>] 1311] 1308<4>] [[1370<3>] 1367] 1323<2>] [[[1457<2>] 1415<2>] 1461] 1385] [[[1532<2>] 1521] 1549] 1487] 1294] 247] [[[[[[[1586] 1580] 1579] 1576] [[1635<2>] 1638<2>] 1595] 1644] [[[[[[[1730<2>] 1732] 1695<5>] 1694<2>] 1688<2>] 1736] [[[[[[[[1850<2>] 1840] 1866] 1867] [1912<3>] 1870] [[[1944] 1984<3>] 1935] 1917] [[[2044<4>] 2046] 2058] 2018] [[[[[[2164<2>] 2150] 2101] [[[[[2238] 2252<2>] 2209] 2262<2>] [[[[[[[2350<2>] [[[2385<3>] 2392<2>] 2399] 2373<3>] [[2453] 2444<2>] 2426] 2333] 2314<2>] [[[2480] 2471] 2500<3>] 2454<3>] [2513] 2505] 2282] 2173<4>] [[[[[[2598] 2580] 2599] [[[2623] [2641<2>] 2637] [2695] 2680] 2601] [[[[[2726] 2734] 2716] 2737] 2739] 2697<2>] [[[2772<2>] [[2876<2>] [[[[2928] 2919] [[2951] 2958] 2937] 2964<2>] 2904] 2826] [[[[3042] [3071<2>] 3045<2>] [[[[[3142] 3127<2>] [[3189] 3187] 3159] 3191<2>] 3237<3>] 3098] 3031] 2978] 2749] 2543<2>] [[3324] 3322] 3281] 2089<2>] 1771] 1661<3>] 1556]
size is 192
Duplicates: 108
Nodes: 192
Minimum depth: 2
Maximum depth: 16
