INTEGER test of CDA, insertions and deletions at tail
items: ((1))
items: (89,13,101,193,175,134,125,120,121,158,100,138,127,136,137,26,30,65,42,82,13,150,26,157,97,127,10,121,33,14,14,122,155,115,55,70,55,180,190,176,144,31,55,77,167,192,37,131,191,79,19,10,164,173,101,67,40,45,123,73,187,137,2,148,59,57,(190))
size is 66
items: (89,13,101,193,175,134,125,120,121,158,100,138,127,136,137,26,30,65,42,82,13,150,26,157,97,127,10,121,33,14,14,122,155,115,55,70,55,180,190,176,144,31,55,77,167,192,37,131,191,79,19,10,164,173,101,67,40,45,123,73,187,137,2,148,59,57,180,88,190,189,10,19,158,3,156,93,46,128,157,143,100,22,38,22,156,64,131,18,44,141,128,126,30,167,175,6,40,162,28,37,157,39,184,55,170,81,149,150,15,112,33,115,69,71,71,159,69,9,177,(137))
size is 119
