INTEGER test of CDA, unions
test size is 1191
p items: ((1))
p items: ((1))
p items: (displaying first and last 100 elements)
388 267 669 592 684 689 336 623 551 15 1054 1142 727 866 881 729 260 888 68 1074 493 773 867 544 431 574 780 580 245 455 644 822 1119 99 957 515 1009 833 51 1108 238 104 438 1120 90 500 423 775 937 633 1117 897 745 517 305 348 742 14 716 190 993 158 476 968 968 535 486 386 37 56 331 127 328 975 889 469 566 487 470 1174 1116 467 119 724 949 851 634 259 362 62 368 57 512 77 933 379 740 75 242 121 ... 265 1132 334 743 1109 987 757 147 408 363 1086 90 1063 326 1058 126 1150 393 304 114 1106 755 808 192 262 1048 747 395 1188 16 946 509 816 992 132 941 362 37 1173 401 780 493 392 41 661 753 499 885 1105 1046 1089 1165 1054 424 740 400 1132 603 1048 1074 875 959 816 166 701 909 701 142 1071 1184 184 910 46 714 289 114 1176 719 939 750 342 1130 633 1027 137 1182 1158 465 62 219 772 1111 1180 861 606 794 963 877 172 1140

q items: ((1))
p size is 2382
q size is 0
p items: (displaying first and last 100 elements)
390 761 388 267 321 669 592 684 689 336 623 551 15 1054 984 657 1142 1090 673 727 866 881 729 260 888 68 1074 493 448 773 867 544 431 46 574 953 745 780 580 714 245 455 769 644 834 495 822 1119 898 99 957 515 1009 910 833 51 856 1108 238 104 438 1120 90 500 423 775 392 937 146 633 1117 86 897 745 517 305 348 742 669 14 931 716 238 190 993 195 158 63 476 968 818 968 311 535 486 386 89 37 56 331 ... 399 700 421 829 1094 996 902 361 960 808 380 658 1087 712 645 379 788 1071 263 946 262 307 1071 629 145 728 65 305 1001 183 995 926 704 671 1029 29 452 876 131 997 311 557 658 225 182 1119 1075 780 971 204 523 880 1024 323 311 756 562 168 532 858 329 652 87 601 823 775 74 306 546 660 1003 957 277 561 960 744 484 1015 412 887 134 63 675 1133 1140 98 512 475 1094 462 320 830 190 19 1128 569 96 1114 1030 19

q items: ((1))
p size is 4764
q size is 0
