INTEGER test of CDA, insertions at the tail
items: ((1))
items: (71,71,67,35,11,111,3,103,71,55,80,54,5,97,89,88,56,6,75,31,43,82,94,47,4,89,15,23,1,104,13,90,0,49,10,34,78,68,45,98,90,102,75,94,102,23,23,74,82,82,60,98,88,71,25,56,100,93,12,13,33,7,22,63,60,37,102,19,45,85,19,58,43,71,82,43,105,44,3,88,94,40,5,35,37,106,5,47,60,73,59,18,54,52,11,88,106,61,59,35,73,8,33,0,15,12,77,111,61,28,47,65,(16))
size is 112
items: (displaying first and last 100 elements)
71 71 67 35 11 111 3 103 71 55 80 54 5 97 89 88 56 6 75 31 43 82 94 47 4 89 15 23 1 104 13 90 0 49 10 34 78 68 45 98 90 102 75 94 102 23 23 74 82 82 60 98 88 71 25 56 100 93 12 13 33 7 22 63 60 37 102 19 45 85 19 58 43 71 82 43 105 44 3 88 94 40 5 35 37 106 5 47 60 73 59 18 54 52 11 88 106 61 59 35 ... 61 89 2 6 26 39 61 99 82 51 36 84 33 36 9 101 3 18 90 76 25 62 60 46 109 50 61 88 5 35 2 68 71 91 95 21 44 80 101 7 80 20 63 76 105 66 7 97 92 0 101 69 57 9 19 33 57 97 34 44 44 6 4 2 37 45 105 59 103 81 69 78 23 87 92 52 18 59 19 103 49 82 102 60 65 88 111 5 85 48 95 73 16 8 66 91 100 29 58 40

size is 224
