INTEGER test of CDA, random insertions and deletions
items: ((1))
items: (55,104,10,3,134,49,150,43,13,0,125,52,60,19,163,49,61,74,147,96,177,133,159,17,24,3,110,4,155,109,37,160,90,148,145,25,181,82,109,108,3,50,70,69,43,30,21,100,144,163,33,80,40,155,120,152,114,184,29,180,158,177,149,57,30,141,66,5,27,48,150,35,169,99,65,173,161,42,11,145,68,125,(174))
size is 82
items: (31,151,21,178,55,104,65,10,1,36,49,150,15,121,0,38,52,180,116,60,2,136,73,67,19,80,158,163,94,171,49,61,74,140,20,81,154,147,27,77,161,177,161,34,159,17,0,24,3,72,110,33,175,130,29,63,155,17,37,160,11,156,90,148,91,147,141,25,181,44,36,97,176,44,19,50,70,39,98,88,53,86,31,69,30,153,95,96,144,21,49,177,144,122,175,13,163,79,33,80,114,152,114,52,103,68,29,180,171,158,149,57,174,30,13,35,60,156,110,94,173,32,66,121,62,27,48,127,119,165,160,171,3,163,37,177,71,3,168,96,32,9,65,173,21,161,33,11,145,88,70,178,163,143,8,164,16,69,117,75,110,(351))
size is 161
