INTEGER test of CDA, insertions and deletions at front
items: ((1))
items: (50,60,53,181,90,143,6,183,29,112,97,148,15,12,48,167,161,138,170,131,57,61,134,190,36,121,29,155,127,22,9,60,161,102,111,99,50,86,86,73,97,20,35,167,43,102,125,158,81,45,124,187,25,13,160,9,186,135,82,2,53,35,77,190,52,25,12,105,180,2,37,(185))
size is 71
items: (191,135,67,111,184,115,111,179,60,72,89,25,123,125,127,36,0,189,47,188,138,45,83,94,93,60,132,110,156,170,33,80,79,144,128,5,182,39,25,35,77,156,26,86,61,130,117,4,179,130,41,172,50,60,53,181,90,143,6,183,29,112,97,148,15,12,48,167,161,138,170,131,57,61,134,190,36,121,29,155,127,22,9,60,161,102,111,99,50,86,86,73,97,20,35,167,43,102,125,158,81,45,124,187,25,13,160,9,186,135,82,2,53,35,77,190,52,25,12,105,180,2,37,(133))
size is 123
