INTEGER test of CDA, delete all
items: ((1))
items: (77,105,121,119,101,116,115,96,56,70,107,106,93,110,9,103,90,82,94,84,85,79,61,66,74,75,76,78,31,49,63,64,65,57,58,59,15,32,30,43,54,27,42,53,40,38,18,23,29,37,22,8,11,6,5,12,20,21,14,16,13,2,1,25,24,17,19,33,0,3,36,4,10,46,41,26,7,28,47,34,55,35,44,39,67,69,51,50,68,52,45,80,81,83,60,91,48,72,62,88,99,89,92,98,104,86,100,71,109,113,114,118,102,111,117,120,108,95,97,87,112,73,(6))
size is 122
items: (1,(0))
size is 1
items: (110,84,101,61,111,96,117,121,88,113,119,99,108,29,90,109,81,106,97,92,93,87,89,79,74,76,77,75,64,73,62,63,52,16,36,8,39,34,43,57,32,11,50,48,4,40,3,31,12,17,20,1,25,9,0,1,2,14,19,23,13,21,22,24,5,6,15,28,7,33,30,27,42,18,45,44,47,51,38,10,37,54,41,53,65,56,46,68,49,67,26,60,55,71,69,80,85,58,66,86,94,78,83,70,103,100,35,104,72,91,98,59,116,102,115,118,112,107,120,82,105,95,114,(5))
size is 123
items: (1,13,(2))
size is 2
