size is 6357
BST:
0: 2389(2389)X
1: 1139(2389)L 5486(2389)R
2: 159(1139)L 2103(1139)R 5182(5486)L 6239(5486)R
3: 158(159)L 564(159)R 1763(2103)L 2375(2103)R 4955(5182)L 5478(5182)R 5812(6239)L 6970(6239)R
4: 69(158)L 496(564)L 1010(564)R 1237(1763)L 1914(1763)R 2259(2375)L 2973(4955)L 5373(5478)L 6050(5812)R 6346(6970)L 8114(6970)R
5: 125(69)R =351(496)L 940(1010)L =1134(1010)R 1385(1237)R =2067(1914)R =2249(2259)L =2332(2259)R 2565(2973)L 4545(2973)R =5369(5373)L 5910(6050)L =6194(6050)R 6870(6346)R 7293(8114)L 8402(8114)R
6: =107(125)L 937(940)L 1361(1385)L 1585(1385)R =2558(2565)L 2850(2565)R 4343(4545)L 4722(4545)R =5909(5910)L 6842(6870)L =6926(6870)R =7115(7293)L 8024(7293)R 8211(8402)L 9006(8402)R
7: 915(937)L 1278(1361)L =1584(1585)L 1685(1585)R 2845(2850)L 3831(4343)L 4379(4343)R 4878(4722)R 6605(6842)L 7383(8024)L 8133(8211)L 8265(8211)R 8684(9006)L 9626(9006)R
8: 895(915)L 1336(1278)R =1682(1685)L =1755(1685)R 2761(2845)L 3525(3831)L 4041(3831)R 4477(4379)R 4886(4878)R =6478(6605)L 6700(6605)R 7348(7383)L 7761(7383)R =8155(8133)R 8353(8265)R 8685(8684)R 9063(9626)L 9780(9626)R
9: =870(895)L =1352(1336)R =2710(2761)L =2826(2761)R 3412(3525)L =3699(3525)R 3915(4041)L 4166(4041)R =4539(4477)R 4926(4886)R =6696(6700)L 7361(7348)R 7446(7761)L 7825(7761)R 8337(8353)L 8863(8685)R =9037(9063)L 9307(9063)R 9812(9780)R
10: 3251(3412)L =3491(3412)R =3894(3915)L 4196(4166)R =4935(4926)R =7352(7361)L =7713(7446)R =7879(7825)R =8339(8337)R 8907(8863)R 9532(9307)R 9875(9812)R
11: 3182(3251)L 3339(3251)R =4282(4196)R =8899(8907)L =8920(8907)R 9392(9532)L =9924(9875)R
12: 3071(3182)L =3237(3182)R =3301(3339)L =9383(9392)L 9480(9392)R
13: =3055(3071)L =9443(9480)L
debug (in-order): [[[[[69 [[107] 125]] 158] 159 [[[351] 496] 564 [[[[[[870] 895] 915] 937] 940] 1010 [1134]]]] 1139 [[[1237 [[[1278 [1336 [1352]]] 1361] 1385 [[1584] 1585 [[1682] 1685 [1755]]]]] 1763 [1914 [2067]]] 2103 [[[2249] 2259 [2332]] 2375]]] 2389 [[[[[[2558] 2565 [[[[2710] 2761 [2826]] 2845] 2850]] 2973 [[[[[[[[[3055] 3071] 3182 [3237]] 3251 [[3301] 3339]] 3412 [3491]] 3525 [3699]] 3831 [[[3894] 3915] 4041 [4166 [4196 [4282]]]]] 4343 [4379 [4477 [4539]]]] 4545 [4722 [4878 [4886 [4926 [4935]]]]]]] 4955] 5182 [[[5369] 5373] 5478]] 5486 [[5812 [[[5909] 5910] 6050 [6194]]] 6239 [[6346 [[[[6478] 6605 [[6696] 6700]] 6842] 6870 [6926]]] 6970 [[[7115] 7293 [[[7348 [[7352] 7361]] 7383 [[7446 [7713]] 7761 [7825 [7879]]]] 8024]] 8114 [[[8133 [8155]] 8211 [8265 [[8337 [8339]] 8353]]] 8402 [[8684 [8685 [8863 [[8899] 8907 [8920]]]]] 9006 [[[9037] 9063 [9307 [[[9383] 9392 [[9443] 9480]] 9532]]] 9626 [9780 [9812 [9875 [9924]]]]]]]]]]]]
debug (pre-order): [2389 [1139 [159 [158 [69 [125 [107]]]] [564 [496 [351]] [1010 [940 [937 [915 [895 [870]]]]] [1134]]]] [2103 [1763 [1237 [1385 [1361 [1278 [1336 [1352]]]] [1585 [1584] [1685 [1682] [1755]]]]] [1914 [2067]]] [2375 [2259 [2249] [2332]]]]] [5486 [5182 [4955 [2973 [2565 [2558] [2850 [2845 [2761 [2710] [2826]]]]] [4545 [4343 [3831 [3525 [3412 [3251 [3182 [3071 [3055]] [3237]] [3339 [3301]]] [3491]] [3699]] [4041 [3915 [3894]] [4166 [4196 [4282]]]]] [4379 [4477 [4539]]]] [4722 [4878 [4886 [4926 [4935]]]]]]]] [5478 [5373 [5369]]]] [6239 [5812 [6050 [5910 [5909]] [6194]]] [6970 [6346 [6870 [6842 [6605 [6478] [6700 [6696]]]] [6926]]] [8114 [7293 [7115] [8024 [7383 [7348 [7361 [7352]]] [7761 [7446 [7713]] [7825 [7879]]]]]] [8402 [8211 [8133 [8155]] [8265 [8353 [8337 [8339]]]]] [9006 [8684 [8685 [8863 [8907 [8899] [8920]]]]] [9626 [9063 [9037] [9307 [9532 [9392 [9383] [9480 [9443]]]]]] [9780 [9812 [9875 [9924]]]]]]]]]]]]
debug (post-order): [[[[[[[107] 125] 69] 158] [[[351] 496] [[[[[[870] 895] 915] 937] 940] [1134] 1010] 564] 159] [[[[[[[[1352] 1336] 1278] 1361] [[1584] [[1682] [1755] 1685] 1585] 1385] 1237] [[2067] 1914] 1763] [[[2249] [2332] 2259] 2375] 2103] 1139] [[[[[[2558] [[[[2710] [2826] 2761] 2845] 2850] 2565] [[[[[[[[[3055] 3071] [3237] 3182] [[3301] 3339] 3251] [3491] 3412] [3699] 3525] [[[3894] 3915] [[[4282] 4196] 4166] 4041] 3831] [[[4539] 4477] 4379] 4343] [[[[[4935] 4926] 4886] 4878] 4722] 4545] 2973] 4955] [[[5369] 5373] 5478] 5182] [[[[[5909] 5910] [6194] 6050] 5812] [[[[[[6478] [[6696] 6700] 6605] 6842] [6926] 6870] 6346] [[[7115] [[[[[7352] 7361] 7348] [[[7713] 7446] [[7879] 7825] 7761] 7383] 8024] 7293] [[[[8155] 8133] [[[[8339] 8337] 8353] 8265] 8211] [[[[[[8899] [8920] 8907] 8863] 8685] 8684] [[[9037] [[[[9383] [[9443] 9480] 9392] 9532] 9307] 9063] [[[[9924] 9875] 9812] 9780] 9626] 9006] 8402] 8114] 6970] 6239] 5486] 2389]
size is 134
Nodes: 134
Minimum depth: 3
Maximum depth: 13
