BST:
0: 70(70)X
1: 2(70)L 76(70)R
2: =1(2)L 43(2)R 75(76)L 130(76)R
3: 15(43)L 62(43)R 72(75)L 87(130)L 136(130)R
4: 8(15)L 22(15)R 51(62)L 65(62)R =73(72)R 77(87)L 103(87)R 134(136)L
5: =5(8)L 13(8)R 19(22)L 36(22)R 50(51)L 59(51)R 64(65)L 68(65)R 80(77)R 90(103)L 127(103)R 131(134)L
6: 9(13)L =14(13)R 18(19)L 35(36)L 37(36)R 46(50)L 52(59)L =60(59)R =63(64)L =69(68)R 82(80)R 101(90)R 122(127)L =129(127)R =133(131)R
7: 10(9)R 16(18)L 28(35)L 42(37)R =45(46)L =47(46)R 54(52)R =85(82)R 94(101)L 121(122)L =126(122)R
8: =12(10)R =17(16)R 25(28)L 29(28)R 40(42)L =53(54)L =93(94)L 95(94)R 108(121)L
9: 23(25)L 26(25)R 32(29)R =39(40)L 100(95)R 106(108)L 119(108)R
10: =24(23)R =27(26)R =34(32)R 98(100)L =104(106)L =107(106)R 114(119)L
11: =99(98)R 112(114)L =116(114)R
12: =109(112)L
debug (in-order): [[[1] 2 [[[[5] 8 [[9 [10 [12]]] 13 [14]]] 15 [[[[16 [17]] 18] 19] 22 [[[[[23 [24]] 25 [26 [27]]] 28 [29 [32 [34]]]] 35] 36 [37 [[[39] 40] 42]]]]] 43 [[[[[45] 46 [47]] 50] 51 [[52 [[53] 54]] 59 [60]]] 62 [[[63] 64] 65 [68 [69]]]]]] 70 [[[72 [73]] 75] 76 [[[77 [80 [82 [85]]]] 87 [[90 [[[93] 94 [95 [[98 [99]] 100]]] 101]] 103 [[[[[[104] 106 [107]] 108 [[[[109] 112] 114 [116]] 119]] 121] 122 [126]] 127 [129]]]] 130 [[[131 [133]] 134] 136]]]]
debug (pre-order): [70 [2 [1] [43 [15 [8 [5] [13 [9 [10 [12]]] [14]]] [22 [19 [18 [16 [17]]]] [36 [35 [28 [25 [23 [24]] [26 [27]]] [29 [32 [34]]]]] [37 [42 [40 [39]]]]]]] [62 [51 [50 [46 [45] [47]]] [59 [52 [54 [53]]] [60]]] [65 [64 [63]] [68 [69]]]]]] [76 [75 [72 [73]]] [130 [87 [77 [80 [82 [85]]]] [103 [90 [101 [94 [93] [95 [100 [98 [99]]]]]]] [127 [122 [121 [108 [106 [104] [107]] [119 [114 [112 [109]] [116]]]]] [126]] [129]]]] [136 [134 [131 [133]]]]]]]
debug (post-order): [[[1] [[[[5] [[[[12] 10] 9] [14] 13] 8] [[[[[17] 16] 18] 19] [[[[[[24] 23] [[27] 26] 25] [[[34] 32] 29] 28] 35] [[[[39] 40] 42] 37] 36] 22] 15] [[[[[45] [47] 46] 50] [[[[53] 54] 52] [60] 59] 51] [[[63] 64] [[69] 68] 65] 62] 43] 2] [[[[73] 72] 75] [[[[[[85] 82] 80] 77] [[[[[93] [[[[99] 98] 100] 95] 94] 101] 90] [[[[[[104] [107] 106] [[[[109] 112] [116] 114] 119] 108] 121] [126] 122] [129] 127] 103] 87] [[[[133] 131] 134] 136] 130] 76] 70]
size is 85
Nodes: 85
Minimum depth: 2
Maximum depth: 12
