BST:
0: 0(0)X
1: 3(0)R
2: =2(3)L 12(3)R
3: 6(12)L 15(12)R
4: =11(6)R =14(15)L
debug (in-order): [0 [[2] 3 [[6 [11]] 12 [[14] 15]]]]
debug (pre-order): [0 [3 [2] [12 [6 [11]] [15 [14]]]]]
debug (post-order): [[[2] [[[11] 6] [[14] 15] 12] 3] 0]
size is 8
BST:
0: 0(0)X
1: =6(0)R
debug (in-order): [0 [6]]
debug (pre-order): [0 [6]]
debug (post-order): [[6] 0]
size is 2
Nodes: 2
Minimum depth: 0
Maximum depth: 1
