size is 6262
BST:
0: 9179(9179)X
1: 2493(9179)L 9533(9179)R
2: 1566(2493)L 2640(2493)R =9516(9533)L 9779(9533)R
3: 778(1566)L 1795(1566)R 6902(2640)R 9974(9779)R
4: 71(778)L 1520(778)R 1732(1795)L 2316(1795)R 3603(6902)L 7673(6902)R =9794(9974)L
5: 663(71)R 863(1520)L 1692(1732)L =1771(1732)R 1878(2316)L 2745(3603)L 4453(3603)R 7087(7673)L 7765(7673)R
6: 340(663)L =809(863)L 1018(863)R =1702(1692)R 2026(1878)R 2787(2745)R 4272(4453)L 5422(4453)R =7016(7087)L 7364(7087)R 7925(7765)R
7: 179(340)L 422(340)R 1015(1018)L 1220(1018)R 1911(2026)L =2177(2026)R =2777(2787)L 2949(2787)R 4102(4272)L 4719(5422)L 6706(5422)R 7507(7364)R 7862(7925)L 8057(7925)R
8: 285(179)R 537(422)R 913(1015)L 1156(1220)L =1401(1220)R =1971(1911)R 3304(2949)R 3995(4102)L =4226(4102)R 4644(4719)L 4814(4719)R 5903(6706)L =7453(7507)L =7561(7507)R =7914(7862)R =8027(8057)L 8930(8057)R
9: 247(285)L =623(537)R 1003(913)R 1081(1156)L 2982(3304)L 3457(3304)R 3807(3995)L =4098(3995)R =4630(4644)L 4789(4814)L 4961(4814)R 5507(5903)L 6167(5903)R 8667(8930)L 9110(8930)R
10: =255(247)R =1009(1003)R =1118(1081)R =3184(2982)R =3577(3457)R =3704(3807)L 3932(3807)R =4767(4789)L 5381(4961)R 5891(5507)R 6054(6167)L 6489(6167)R 8481(8667)L 8824(8667)R 9150(9110)R
11: =3917(3932)L 5346(5381)L 5542(5891)L =6139(6054)R 6547(6489)R 8132(8481)L 8651(8481)R 8771(8824)L 8911(8824)R =9126(9150)L
12: =5296(5346)L 5678(5542)R 6549(6547)R 8235(8132)R =8633(8651)L =8743(8771)L 8876(8911)L
13: 5855(5678)R 6671(6549)R =8333(8235)R =8854(8876)L
14: =5857(5855)R =6649(6671)L
debug (in-order): [[[[[71 [[[179 [[247 [255]] 285]] 340 [422 [537 [623]]]] 663]] 778 [[[809] 863 [[[913 [1003 [1009]]] 1015] 1018 [[[1081 [1118]] 1156] 1220 [1401]]]] 1520]] 1566 [[[1692 [1702]] 1732 [1771]] 1795 [[1878 [[1911 [1971]] 2026 [2177]]] 2316]]] 2493 [2640 [[[2745 [[2777] 2787 [2949 [[2982 [3184]] 3304 [3457 [3577]]]]]] 3603 [[[[[[3704] 3807 [[3917] 3932]] 3995 [4098]] 4102 [4226]] 4272] 4453 [[[[4630] 4644] 4719 [[[4767] 4789] 4814 [4961 [[[5296] 5346] 5381]]]] 5422 [[[5507 [[5542 [5678 [5855 [5857]]]] 5891]] 5903 [[6054 [6139]] 6167 [6489 [6547 [6549 [[6649] 6671]]]]]] 6706]]]] 6902 [[[7016] 7087 [7364 [[7453] 7507 [7561]]]] 7673 [7765 [[7862 [7914]] 7925 [[8027] 8057 [[[[8132 [8235 [8333]]] 8481 [[8633] 8651]] 8667 [[[8743] 8771] 8824 [[[8854] 8876] 8911]]] 8930 [9110 [[9126] 9150]]]]]]]]]] 9179 [[9516] 9533 [9779 [[9794] 9974]]]]
debug (pre-order): [9179 [2493 [1566 [778 [71 [663 [340 [179 [285 [247 [255]]]] [422 [537 [623]]]]]] [1520 [863 [809] [1018 [1015 [913 [1003 [1009]]]] [1220 [1156 [1081 [1118]]] [1401]]]]]] [1795 [1732 [1692 [1702]] [1771]] [2316 [1878 [2026 [1911 [1971]] [2177]]]]]] [2640 [6902 [3603 [2745 [2787 [2777] [2949 [3304 [2982 [3184]] [3457 [3577]]]]]] [4453 [4272 [4102 [3995 [3807 [3704] [3932 [3917]]] [4098]] [4226]]] [5422 [4719 [4644 [4630]] [4814 [4789 [4767]] [4961 [5381 [5346 [5296]]]]]] [6706 [5903 [5507 [5891 [5542 [5678 [5855 [5857]]]]]] [6167 [6054 [6139]] [6489 [6547 [6549 [6671 [6649]]]]]]]]]]] [7673 [7087 [7016] [7364 [7507 [7453] [7561]]]] [7765 [7925 [7862 [7914]] [8057 [8027] [8930 [8667 [8481 [8132 [8235 [8333]]] [8651 [8633]]] [8824 [8771 [8743]] [8911 [8876 [8854]]]]] [9110 [9150 [9126]]]]]]]]]]] [9533 [9516] [9779 [9974 [9794]]]]]
debug (post-order): [[[[[[[[[[[255] 247] 285] 179] [[[623] 537] 422] 340] 663] 71] [[[809] [[[[[1009] 1003] 913] 1015] [[[[1118] 1081] 1156] [1401] 1220] 1018] 863] 1520] 778] [[[[1702] 1692] [1771] 1732] [[[[[1971] 1911] [2177] 2026] 1878] 2316] 1795] 1566] [[[[[[2777] [[[[3184] 2982] [[3577] 3457] 3304] 2949] 2787] 2745] [[[[[[3704] [[3917] 3932] 3807] [4098] 3995] [4226] 4102] 4272] [[[[4630] 4644] [[[4767] 4789] [[[[5296] 5346] 5381] 4961] 4814] 4719] [[[[[[[[5857] 5855] 5678] 5542] 5891] 5507] [[[6139] 6054] [[[[[6649] 6671] 6549] 6547] 6489] 6167] 5903] 6706] 5422] 4453] 3603] [[[7016] [[[7453] [7561] 7507] 7364] 7087] [[[[7914] 7862] [[8027] [[[[[[8333] 8235] 8132] [[8633] 8651] 8481] [[[8743] 8771] [[[8854] 8876] 8911] 8824] 8667] [[[9126] 9150] 9110] 8930] 8057] 7925] 7765] 7673] 6902] 2640] 2493] [[9516] [[[9794] 9974] 9779] 9533] 9179]
size is 122
Nodes: 122
Minimum depth: 2
Maximum depth: 14
