BST:
0: 10(10)X
1: 9(10)L =12(10)R
2: 5(9)L
3: 0(5)L 7(5)R
4: =1(0)R =8(7)R
debug (in-order): [[[[0 [1]] 5 [7 [8]]] 9] 10 [12]]
debug (pre-order): [10 [9 [5 [0 [1]] [7 [8]]]] [12]]
debug (post-order): [[[[[1] 0] [[8] 7] 5] 9] [12] 10]
size is 8
Nodes: 8
Minimum depth: 1
Maximum depth: 4
