size is 6307
BST:
0: 627(627)X
1: 503(627)L 1174(627)R
2: 490(503)L =575(503)R 938(1174)L 6157(1174)R
3: 371(490)L 892(938)L 1138(938)R 5462(6157)L 9764(6157)R
4: 220(371)L 482(371)R 761(892)L =1128(1138)L 2801(5462)L 6133(5462)R 7579(9764)L
5: =59(220)L =355(220)R 408(482)L 679(761)L 1500(2801)L 4058(2801)R 5808(6133)L 6271(7579)L 8860(7579)R
6: =471(408)R 654(679)L 1483(1500)L 1713(1500)R 3002(4058)L 5187(4058)R 5844(5808)R 6189(6271)L 7165(6271)R 8841(8860)L 9129(8860)R
7: =646(654)L 1315(1483)L 1704(1713)L 1797(1713)R 3187(3002)R 5125(5187)L =5415(5187)R 6046(5844)R =6212(6189)R 7002(7165)L 7456(7165)R 8619(8841)L 9021(9129)L 9331(9129)R
8: 1233(1315)L 1678(1704)L 1787(1797)L 2640(1797)R 3254(3187)R 4541(5125)L =6130(6046)R 6514(7002)L =7160(7002)R 7436(7456)L 8224(8619)L 8773(8619)R 9119(9021)R 9558(9331)R
9: =1202(1233)L =1303(1233)R 1586(1678)L =1769(1787)L 2197(2640)L 2772(2640)R 3885(3254)R =4242(4541)L 5049(4541)R =6313(6514)L 6540(6514)R 7407(7436)L 8048(8224)L =8470(8224)R 8702(8773)L =9087(9119)L 9386(9558)L =9713(9558)R
10: =1551(1586)L 2061(2197)L 2337(2197)R =2778(2772)R 3624(3885)L 3985(3885)R 4882(5049)L 6793(6540)R 7348(7407)L =7783(8048)L 8159(8048)R =8697(8702)L 9427(9386)R
11: =1996(2061)L 2182(2061)R =2289(2337)L =2567(2337)R 3322(3624)L =3658(3624)R =3999(3985)R 4803(4882)L 6672(6793)L 6884(6793)R =7406(7348)R =8144(8159)L 9551(9427)R
12: =2145(2182)L 3510(3322)R =4717(4803)L =6707(6672)R =6929(6884)R 9547(9551)L
13: =3516(3510)R 9471(9547)L
14: =9458(9471)L
debug (in-order): [[[[[[59] 220 [355]] 371 [[408 [471]] 482]] 490] 503 [575]] 627 [[[[[[[646] 654] 679] 761] 892] 938 [[1128] 1138]] 1174 [[[[[[[[1202] 1233 [1303]] 1315] 1483] 1500 [[[[[1551] 1586] 1678] 1704] 1713 [[[1769] 1787] 1797 [[[[1996] 2061 [[2145] 2182]] 2197 [[2289] 2337 [2567]]] 2640 [2772 [2778]]]]]] 2801 [[3002 [3187 [3254 [[[3322 [3510 [3516]]] 3624 [3658]] 3885 [3985 [3999]]]]]] 4058 [[[[4242] 4541 [[[[4717] 4803] 4882] 5049]] 5125] 5187 [5415]]]] 5462 [[5808 [5844 [6046 [6130]]]] 6133]] 6157 [[[[6189 [6212]] 6271 [[[[6313] 6514 [6540 [[6672 [6707]] 6793 [6884 [6929]]]]] 7002 [7160]] 7165 [[[[7348 [7406]] 7407] 7436] 7456]]] 7579 [[[[[[7783] 8048 [[8144] 8159]] 8224 [8470]] 8619 [[[8697] 8702] 8773]] 8841] 8860 [[9021 [[9087] 9119]] 9129 [9331 [[9386 [9427 [[[[9458] 9471] 9547] 9551]]] 9558 [9713]]]]]] 9764]]]]
debug (pre-order): [627 [503 [490 [371 [220 [59] [355]] [482 [408 [471]]]]] [575]] [1174 [938 [892 [761 [679 [654 [646]]]]] [1138 [1128]]] [6157 [5462 [2801 [1500 [1483 [1315 [1233 [1202] [1303]]]] [1713 [1704 [1678 [1586 [1551]]]] [1797 [1787 [1769]] [2640 [2197 [2061 [1996] [2182 [2145]]] [2337 [2289] [2567]]] [2772 [2778]]]]]] [4058 [3002 [3187 [3254 [3885 [3624 [3322 [3510 [3516]]] [3658]] [3985 [3999]]]]]] [5187 [5125 [4541 [4242] [5049 [4882 [4803 [4717]]]]]] [5415]]]] [6133 [5808 [5844 [6046 [6130]]]]]] [9764 [7579 [6271 [6189 [6212]] [7165 [7002 [6514 [6313] [6540 [6793 [6672 [6707]] [6884 [6929]]]]] [7160]] [7456 [7436 [7407 [7348 [7406]]]]]]] [8860 [8841 [8619 [8224 [8048 [7783] [8159 [8144]]] [8470]] [8773 [8702 [8697]]]]] [9129 [9021 [9119 [9087]]] [9331 [9558 [9386 [9427 [9551 [9547 [9471 [9458]]]]]] [9713]]]]]]]]]]
debug (post-order): [[[[[[59] [355] 220] [[[471] 408] 482] 371] 490] [575] 503] [[[[[[[646] 654] 679] 761] 892] [[1128] 1138] 938] [[[[[[[[1202] [1303] 1233] 1315] 1483] [[[[[1551] 1586] 1678] 1704] [[[1769] 1787] [[[[1996] [[2145] 2182] 2061] [[2289] [2567] 2337] 2197] [[2778] 2772] 2640] 1797] 1713] 1500] [[[[[[[[[3516] 3510] 3322] [3658] 3624] [[3999] 3985] 3885] 3254] 3187] 3002] [[[[4242] [[[[4717] 4803] 4882] 5049] 4541] 5125] [5415] 5187] 4058] 2801] [[[[[6130] 6046] 5844] 5808] 6133] 5462] [[[[[6212] 6189] [[[[6313] [[[[6707] 6672] [[6929] 6884] 6793] 6540] 6514] [7160] 7002] [[[[[7406] 7348] 7407] 7436] 7456] 7165] 6271] [[[[[[7783] [[8144] 8159] 8048] [8470] 8224] [[[8697] 8702] 8773] 8619] 8841] [[[[9087] 9119] 9021] [[[[[[[[9458] 9471] 9547] 9551] 9427] 9386] [9713] 9558] 9331] 9129] 8860] 7579] 9764] 6157] 1174] 627]
size is 120
Nodes: 120
Minimum depth: 2
Maximum depth: 14
