size is 6346
BST:
0: 2758(2758)X
1: 2233(2758)L 8015(2758)R
2: 1974(2233)L 2707(2233)R 3023(8015)L 9248(8015)R
3: 1685(1974)L =2453(2707)L 3926(3023)R 8696(9248)L 9593(9248)R
4: 357(1685)L 3587(3926)L 6524(3926)R 8350(8696)L 8886(8696)R 9416(9593)L 9899(9593)R
5: 50(357)L 569(357)R 3250(3587)L =3865(3587)R 5621(6524)L 7444(6524)R 8447(8350)R 8813(8886)L 9141(8886)R 9364(9416)L 9733(9899)L
6: 17(50)L 227(50)R 757(569)R 3236(3250)L =3572(3250)R 5360(5621)L 5811(5621)R 7398(7444)L =8642(8447)R 8774(8813)L =8875(8813)R =9179(9141)R =9349(9364)L 9735(9733)R
7: =7(17)L 206(227)L 629(757)L 862(757)R =3239(3236)R 5093(5360)L 5584(5360)R 6478(5811)R 7252(7398)L =8798(8774)R 9769(9735)R
8: 201(206)L 750(629)R 981(862)R 4630(5093)L 5339(5093)R 5535(5584)L 6018(6478)L 6747(7252)L 7350(7252)R =9844(9769)R
9: =194(201)L 701(750)L 1139(981)R 4507(4630)L 4788(4630)R 5299(5339)L =5480(5535)L 6360(6018)R =6743(6747)L 7067(6747)R =7277(7350)L
10: 636(701)L 1028(1139)L 1470(1139)R 4406(4507)L =4859(4788)R =5338(5299)R =6326(6360)L =6422(6360)R =6867(7067)L
11: 680(636)R =1076(1028)R 1233(1470)L =1608(1470)R =4365(4406)L
12: =683(680)R =1168(1233)L 1438(1233)R
13: 1317(1438)L
14: 1383(1317)R
15: =1437(1383)R
debug (in-order): [[[[[[[[7] 17] 50 [[[[194] 201] 206] 227]] 357 [569 [[629 [[[636 [680 [683]]] 701] 750]] 757 [862 [981 [[1028 [1076]] 1139 [[[1168] 1233 [[1317 [1383 [1437]]] 1438]] 1470 [1608]]]]]]]] 1685] 1974] 2233 [[2453] 2707]] 2758 [[3023 [[[[3236 [3239]] 3250 [3572]] 3587 [3865]] 3926 [[[[[[[[4365] 4406] 4507] 4630 [4788 [4859]]] 5093 [[5299 [5338]] 5339]] 5360 [[[5480] 5535] 5584]] 5621 [5811 [[6018 [[6326] 6360 [6422]]] 6478]]] 6524 [[[[[6743] 6747 [[6867] 7067]] 7252 [[7277] 7350]] 7398] 7444]]]] 8015 [[[8350 [8447 [8642]]] 8696 [[[8774 [8798]] 8813 [8875]] 8886 [9141 [9179]]]] 9248 [[[[9349] 9364] 9416] 9593 [[9733 [9735 [9769 [9844]]]] 9899]]]]]
debug (pre-order): [2758 [2233 [1974 [1685 [357 [50 [17 [7]] [227 [206 [201 [194]]]]] [569 [757 [629 [750 [701 [636 [680 [683]]]]]] [862 [981 [1139 [1028 [1076]] [1470 [1233 [1168] [1438 [1317 [1383 [1437]]]]] [1608]]]]]]]]]] [2707 [2453]]] [8015 [3023 [3926 [3587 [3250 [3236 [3239]] [3572]] [3865]] [6524 [5621 [5360 [5093 [4630 [4507 [4406 [4365]]] [4788 [4859]]] [5339 [5299 [5338]]]] [5584 [5535 [5480]]]] [5811 [6478 [6018 [6360 [6326] [6422]]]]]] [7444 [7398 [7252 [6747 [6743] [7067 [6867]]] [7350 [7277]]]]]]]] [9248 [8696 [8350 [8447 [8642]]] [8886 [8813 [8774 [8798]] [8875]] [9141 [9179]]]] [9593 [9416 [9364 [9349]]] [9899 [9733 [9735 [9769 [9844]]]]]]]]]
debug (post-order): [[[[[[[[7] 17] [[[[194] 201] 206] 227] 50] [[[[[[[[683] 680] 636] 701] 750] 629] [[[[[1076] 1028] [[[1168] [[[[1437] 1383] 1317] 1438] 1233] [1608] 1470] 1139] 981] 862] 757] 569] 357] 1685] 1974] [[2453] 2707] 2233] [[[[[[[3239] 3236] [3572] 3250] [3865] 3587] [[[[[[[[4365] 4406] 4507] [[4859] 4788] 4630] [[[5338] 5299] 5339] 5093] [[[5480] 5535] 5584] 5360] [[[[[6326] [6422] 6360] 6018] 6478] 5811] 5621] [[[[[6743] [[6867] 7067] 6747] [[7277] 7350] 7252] 7398] 7444] 6524] 3926] 3023] [[[[[8642] 8447] 8350] [[[[8798] 8774] [8875] 8813] [[9179] 9141] 8886] 8696] [[[[9349] 9364] 9416] [[[[[9844] 9769] 9735] 9733] 9899] 9593] 9248] 8015] 2758]
size is 96
Nodes: 96
Minimum depth: 2
Maximum depth: 15
