INTEGER test of QUEUE, insertions at the front
items: ()
items: (8,0,86,126,24,8,95,42,134,12,90,0,142,14,77,116,130,43,48,62,79,104,155,66,138,9,81,0,90,41,161,98,33,73,42,58,73,137,92,34,150,8,26,110,15,103,52,145,138,100,25,43,22,172,102,152,0,9,152,90,42,139,6,76,31,48,126,96,3,44,122,145,45,149,81,60,70,133,23,35,52,40,70,66,39,172,45,39,173,15,121,34,147,119,110,4,159,62,92,162,98,41,134,143,8,41,21,78,167,36,105,37,77,2,103,108,166,140,139,166,156,78,26,129,23,128,125,8,8,35,170,106,76,122,68,76,156,81,155,149,118,86,4,13,80,107,121,73,66,86,57,40,164,75,161,5,29,112,13,29,147,1,127,42,124,13,110,106,95,91,73,39,170,77)
size is 174
items: (displaying top element)
8

size is 348
