INTEGER test of QUEUE, insertions and deletions at front
items: <>
items: <>
size is 0
items: ()
size is 0
items: (displaying top element)
611375

size is 1076994
